journalctl -b | grep -E "19:59:32 | 19:59:33"
#Mar 12 19:59:32 localhost kernel: Linux version 6.8.0-55-generic (buildd@lcy02-amd64-095) (x86_64-linux-gnu-gcc-13 (Ubuntu 13.3.0-6ubuntu2~24.04) 13.3.0, GNU ld (GNU Binutils for Ubuntu) 2.42) #57-Ubuntu SMP PREEMPT_DYNAMIC Wed Feb 12 23:42:21 UTC 2025 (Ubuntu 6.8.0-55.57-generic 6.8.12)
#Mar 12 19:59:32 localhost kernel: Command line: BOOT_IMAGE=/vmlinuz-6.8.0-55-generic root=/dev/mapper/ubuntu--vg-ubuntu--lv ro
#Mar 12 19:59:32 localhost kernel: KERNEL supported cpus:
#Mar 12 19:59:32 localhost kernel:   Intel GenuineIntel
#Mar 12 19:59:32 localhost kernel:   AMD AuthenticAMD
#Mar 12 19:59:32 localhost kernel:   Hygon HygonGenuine
#Mar 12 19:59:32 localhost kernel:   Centaur CentaurHauls
#Mar 12 19:59:32 localhost kernel:   zhaoxin   Shanghai  
#Mar 12 19:59:32 localhost kernel: BIOS-provided physical RAM map:
Mar 12 19:59:32 localhost kernel: BIOS-e820: [mem 0x0000000000000000-0x000000000009fbff] usable
Mar 12 19:59:32 localhost kernel: BIOS-e820: [mem 0x000000000009fc00-0x000000000009ffff] reserved
Mar 12 19:59:32 localhost kernel: BIOS-e820: [mem 0x00000000000f0000-0x00000000000fffff] reserved
Mar 12 19:59:32 localhost kernel: BIOS-e820: [mem 0x0000000000100000-0x00000000bffd9fff] usable
Mar 12 19:59:32 localhost kernel: BIOS-e820: [mem 0x00000000bffda000-0x00000000bfffffff] reserved
Mar 12 19:59:32 localhost kernel: BIOS-e820: [mem 0x00000000feffc000-0x00000000feffffff] reserved
Mar 12 19:59:32 localhost kernel: BIOS-e820: [mem 0x00000000fffc0000-0x00000000ffffffff] reserved
Mar 12 19:59:32 localhost kernel: BIOS-e820: [mem 0x0000000100000000-0x000000013fffffff] usable
Mar 12 19:59:32 localhost kernel: BIOS-e820: [mem 0x000000fd00000000-0x000000ffffffffff] reserved
Mar 12 19:59:32 localhost kernel: NX (Execute Disable) protection: active
Mar 12 19:59:32 localhost kernel: APIC: Static calls initialized
Mar 12 19:59:32 localhost kernel: SMBIOS 2.8 present.
Mar 12 19:59:32 localhost kernel: DMI: QEMU Standard PC (i440FX + PIIX, 1996), BIOS rel-1.16.3-0-ga6ed6b701f0a-prebuilt.qemu.org 04/01/2014
Mar 12 19:59:32 localhost kernel: Hypervisor detected: KVM
Mar 12 19:59:32 localhost kernel: kvm-clock: Using msrs 4b564d01 and 4b564d00
Mar 12 19:59:32 localhost kernel: kvm-clock: using sched offset of 2736247147450 cycles
Mar 12 19:59:32 localhost kernel: clocksource: kvm-clock: mask: 0xffffffffffffffff max_cycles: 0x1cd42e4dffb, max_idle_ns: 881590591483 ns
Mar 12 19:59:32 localhost kernel: tsc: Detected 3399.996 MHz processor
Mar 12 19:59:32 localhost kernel: e820: update [mem 0x00000000-0x00000fff] usable ==> reserved
Mar 12 19:59:32 localhost kernel: e820: remove [mem 0x000a0000-0x000fffff] usable
Mar 12 19:59:32 localhost kernel: AGP: No AGP bridge found
Mar 12 19:59:32 localhost kernel: last_pfn = 0x140000 max_arch_pfn = 0x400000000
Mar 12 19:59:32 localhost kernel: MTRR map: 4 entries (3 fixed + 1 variable; max 19), built from 8 variable MTRRs
Mar 12 19:59:32 localhost kernel: x86/PAT: Configuration [0-7]: WB  WC  UC- UC  WB  WP  UC- WT  
Mar 12 19:59:32 localhost kernel: last_pfn = 0xbffda max_arch_pfn = 0x400000000
Mar 12 19:59:32 localhost kernel: found SMP MP-table at [mem 0x000f5450-0x000f545f]
Mar 12 19:59:32 localhost kernel: RAMDISK: [mem 0x2fccd000-0x33e5dfff]
Mar 12 19:59:32 localhost kernel: ACPI: Early table checksum verification disabled
Mar 12 19:59:32 localhost kernel: ACPI: RSDP 0x00000000000F5250 000014 (v00 BOCHS )
Mar 12 19:59:32 localhost kernel: ACPI: RSDT 0x00000000BFFE2F86 000038 (v01 BOCHS  BXPC     00000001 BXPC 00000001)
Mar 12 19:59:32 localhost kernel: ACPI: FACP 0x00000000BFFE2D68 000074 (v01 BOCHS  BXPC     00000001 BXPC 00000001)
Mar 12 19:59:32 localhost kernel: ACPI: DSDT 0x00000000BFFDF040 003D28 (v01 BOCHS  BXPC     00000001 BXPC 00000001)
Mar 12 19:59:32 localhost kernel: ACPI: FACS 0x00000000BFFDF000 000040
Mar 12 19:59:32 localhost kernel: ACPI: APIC 0x00000000BFFE2DDC 000080 (v03 BOCHS  BXPC     00000001 BXPC 00000001)
Mar 12 19:59:32 localhost kernel: ACPI: SSDT 0x00000000BFFE2E5C 0000CA (v01 BOCHS  VMGENID  00000001 BXPC 00000001)
Mar 12 19:59:32 localhost kernel: ACPI: HPET 0x00000000BFFE2F26 000038 (v01 BOCHS  BXPC     00000001 BXPC 00000001)
Mar 12 19:59:32 localhost kernel: ACPI: WAET 0x00000000BFFE2F5E 000028 (v01 BOCHS  BXPC     00000001 BXPC 00000001)
Mar 12 19:59:32 localhost kernel: ACPI: Reserving FACP table memory at [mem 0xbffe2d68-0xbffe2ddb]
Mar 12 19:59:32 localhost kernel: ACPI: Reserving DSDT table memory at [mem 0xbffdf040-0xbffe2d67]
Mar 12 19:59:32 localhost kernel: ACPI: Reserving FACS table memory at [mem 0xbffdf000-0xbffdf03f]
Mar 12 19:59:32 localhost kernel: ACPI: Reserving APIC table memory at [mem 0xbffe2ddc-0xbffe2e5b]
Mar 12 19:59:32 localhost kernel: ACPI: Reserving SSDT table memory at [mem 0xbffe2e5c-0xbffe2f25]
Mar 12 19:59:32 localhost kernel: ACPI: Reserving HPET table memory at [mem 0xbffe2f26-0xbffe2f5d]
Mar 12 19:59:32 localhost kernel: ACPI: Reserving WAET table memory at [mem 0xbffe2f5e-0xbffe2f85]
Mar 12 19:59:32 localhost kernel: No NUMA configuration found
Mar 12 19:59:32 localhost kernel: Faking a node at [mem 0x0000000000000000-0x000000013fffffff]
Mar 12 19:59:32 localhost kernel: NODE_DATA(0) allocated [mem 0x13ffd5000-0x13fffffff]
Mar 12 19:59:32 localhost kernel: Zone ranges:
Mar 12 19:59:32 localhost kernel:   DMA      [mem 0x0000000000001000-0x0000000000ffffff]
Mar 12 19:59:32 localhost kernel:   DMA32    [mem 0x0000000001000000-0x00000000ffffffff]
Mar 12 19:59:32 localhost kernel:   Normal   [mem 0x0000000100000000-0x000000013fffffff]
Mar 12 19:59:32 localhost kernel:   Device   empty
Mar 12 19:59:32 localhost kernel: Movable zone start for each node
Mar 12 19:59:32 localhost kernel: Early memory node ranges
Mar 12 19:59:32 localhost kernel:   node   0: [mem 0x0000000000001000-0x000000000009efff]
Mar 12 19:59:32 localhost kernel:   node   0: [mem 0x0000000000100000-0x00000000bffd9fff]
Mar 12 19:59:32 localhost kernel:   node   0: [mem 0x0000000100000000-0x000000013fffffff]
Mar 12 19:59:32 localhost kernel: Initmem setup node 0 [mem 0x0000000000001000-0x000000013fffffff]
Mar 12 19:59:32 localhost kernel: On node 0, zone DMA: 1 pages in unavailable ranges
Mar 12 19:59:32 localhost kernel: On node 0, zone DMA: 97 pages in unavailable ranges
Mar 12 19:59:32 localhost kernel: On node 0, zone Normal: 38 pages in unavailable ranges
Mar 12 19:59:32 localhost kernel: ACPI: PM-Timer IO Port: 0x608
Mar 12 19:59:32 localhost kernel: ACPI: LAPIC_NMI (acpi_id[0xff] dfl dfl lint[0x1])
Mar 12 19:59:32 localhost kernel: IOAPIC[0]: apic_id 0, version 17, address 0xfec00000, GSI 0-23
Mar 12 19:59:32 localhost kernel: ACPI: INT_SRC_OVR (bus 0 bus_irq 0 global_irq 2 dfl dfl)
Mar 12 19:59:32 localhost kernel: ACPI: INT_SRC_OVR (bus 0 bus_irq 5 global_irq 5 high level)
Mar 12 19:59:32 localhost kernel: ACPI: INT_SRC_OVR (bus 0 bus_irq 9 global_irq 9 high level)
Mar 12 19:59:32 localhost kernel: ACPI: INT_SRC_OVR (bus 0 bus_irq 10 global_irq 10 high level)
Mar 12 19:59:32 localhost kernel: ACPI: INT_SRC_OVR (bus 0 bus_irq 11 global_irq 11 high level)
Mar 12 19:59:32 localhost kernel: ACPI: Using ACPI (MADT) for SMP configuration information
Mar 12 19:59:32 localhost kernel: ACPI: HPET id: 0x8086a201 base: 0xfed00000
Mar 12 19:59:32 localhost kernel: smpboot: Allowing 2 CPUs, 0 hotplug CPUs
Mar 12 19:59:32 localhost kernel: kvm-guest: APIC: eoi() replaced with kvm_guest_apic_eoi_write()
Mar 12 19:59:32 localhost kernel: PM: hibernation: Registered nosave memory: [mem 0x00000000-0x00000fff]
Mar 12 19:59:32 localhost kernel: PM: hibernation: Registered nosave memory: [mem 0x0009f000-0x0009ffff]
Mar 12 19:59:32 localhost kernel: PM: hibernation: Registered nosave memory: [mem 0x000a0000-0x000effff]
Mar 12 19:59:32 localhost kernel: PM: hibernation: Registered nosave memory: [mem 0x000f0000-0x000fffff]
Mar 12 19:59:32 localhost kernel: PM: hibernation: Registered nosave memory: [mem 0xbffda000-0xbfffffff]
Mar 12 19:59:32 localhost kernel: PM: hibernation: Registered nosave memory: [mem 0xc0000000-0xfeffbfff]
Mar 12 19:59:32 localhost kernel: PM: hibernation: Registered nosave memory: [mem 0xfeffc000-0xfeffffff]
Mar 12 19:59:32 localhost kernel: PM: hibernation: Registered nosave memory: [mem 0xff000000-0xfffbffff]
Mar 12 19:59:32 localhost kernel: PM: hibernation: Registered nosave memory: [mem 0xfffc0000-0xffffffff]
Mar 12 19:59:32 localhost kernel: [mem 0xc0000000-0xfeffbfff] available for PCI devices
Mar 12 19:59:32 localhost kernel: Booting paravirtualized kernel on KVM
Mar 12 19:59:32 localhost kernel: clocksource: refined-jiffies: mask: 0xffffffff max_cycles: 0xffffffff, max_idle_ns: 1910969940391419 ns
Mar 12 19:59:32 localhost kernel: setup_percpu: NR_CPUS:8192 nr_cpumask_bits:2 nr_cpu_ids:2 nr_node_ids:1
Mar 12 19:59:32 localhost kernel: percpu: Embedded 86 pages/cpu s229376 r8192 d114688 u1048576
Mar 12 19:59:32 localhost kernel: pcpu-alloc: s229376 r8192 d114688 u1048576 alloc=1*2097152
Mar 12 19:59:32 localhost kernel: pcpu-alloc: [0] 0 1 
Mar 12 19:59:32 localhost kernel: kvm-guest: PV spinlocks enabled
Mar 12 19:59:32 localhost kernel: PV qspinlock hash table entries: 256 (order: 0, 4096 bytes, linear)
Mar 12 19:59:32 localhost kernel: Kernel command line: BOOT_IMAGE=/vmlinuz-6.8.0-55-generic root=/dev/mapper/ubuntu--vg-ubuntu--lv ro
Mar 12 19:59:32 localhost kernel: Unknown kernel command line parameters "BOOT_IMAGE=/vmlinuz-6.8.0-55-generic", will be passed to user space.
Mar 12 19:59:32 localhost kernel: Dentry cache hash table entries: 524288 (order: 10, 4194304 bytes, linear)
Mar 12 19:59:32 localhost kernel: Inode-cache hash table entries: 262144 (order: 9, 2097152 bytes, linear)
Mar 12 19:59:32 localhost kernel: Fallback order for Node 0: 0 
Mar 12 19:59:32 localhost kernel: Built 1 zonelists, mobility grouping on.  Total pages: 1031898
Mar 12 19:59:32 localhost kernel: Policy zone: Normal
Mar 12 19:59:32 localhost kernel: mem auto-init: stack:all(zero), heap alloc:on, heap free:off
Mar 12 19:59:32 localhost kernel: AGP: Checking aperture...
Mar 12 19:59:32 localhost kernel: AGP: No AGP bridge found
Mar 12 19:59:32 localhost kernel: software IO TLB: area num 2.
Mar 12 19:59:32 localhost kernel: Memory: 3933500K/4193760K available (22528K kernel code, 4443K rwdata, 14344K rodata, 4988K init, 4716K bss, 260000K reserved, 0K cma-reserved)
Mar 12 19:59:32 localhost kernel: SLUB: HWalign=64, Order=0-3, MinObjects=0, CPUs=2, Nodes=1
Mar 12 19:59:32 localhost kernel: ftrace: allocating 58006 entries in 227 pages
Mar 12 19:59:32 localhost kernel: ftrace: allocated 227 pages with 5 groups
Mar 12 19:59:32 localhost kernel: Dynamic Preempt: voluntary
Mar 12 19:59:32 localhost kernel: rcu: Preemptible hierarchical RCU implementation.
Mar 12 19:59:32 localhost kernel: rcu:         RCU restricting CPUs from NR_CPUS=8192 to nr_cpu_ids=2.
Mar 12 19:59:32 localhost kernel:         Trampoline variant of Tasks RCU enabled.
Mar 12 19:59:32 localhost kernel:         Rude variant of Tasks RCU enabled.
Mar 12 19:59:32 localhost kernel:         Tracing variant of Tasks RCU enabled.
Mar 12 19:59:32 localhost kernel: rcu: RCU calculated value of scheduler-enlistment delay is 100 jiffies.
Mar 12 19:59:32 localhost kernel: rcu: Adjusting geometry for rcu_fanout_leaf=16, nr_cpu_ids=2
Mar 12 19:59:32 localhost kernel: NR_IRQS: 524544, nr_irqs: 440, preallocated irqs: 16
Mar 12 19:59:32 localhost kernel: rcu: srcu_init: Setting srcu_struct sizes based on contention.
Mar 12 19:59:32 localhost kernel: Console: colour dummy device 80x25
Mar 12 19:59:32 localhost kernel: printk: legacy console [tty0] enabled
Mar 12 19:59:32 localhost kernel: ACPI: Core revision 20230628
Mar 12 19:59:32 localhost kernel: clocksource: hpet: mask: 0xffffffff max_cycles: 0xffffffff, max_idle_ns: 19112604467 ns
Mar 12 19:59:32 localhost kernel: APIC: Switch to symmetric I/O mode setup
Mar 12 19:59:32 localhost kernel: x2apic enabled
Mar 12 19:59:32 localhost kernel: APIC: Switched APIC routing to: physical x2apic
Mar 12 19:59:32 localhost kernel: ..TIMER: vector=0x30 apic1=0 pin1=2 apic2=-1 pin2=-1
Mar 12 19:59:32 localhost kernel: tsc: Marking TSC unstable due to TSCs unsynchronized
Mar 12 19:59:32 localhost kernel: Calibrating delay loop (skipped) preset value.. 6799.99 BogoMIPS (lpj=3399996)
Mar 12 19:59:32 localhost kernel: process: using AMD E400 aware idle routine
Mar 12 19:59:32 localhost kernel: Last level iTLB entries: 4KB 512, 2MB 255, 4MB 127
Mar 12 19:59:32 localhost kernel: Last level dTLB entries: 4KB 512, 2MB 255, 4MB 127, 1GB 0
Mar 12 19:59:32 localhost kernel: Spectre V1 : Mitigation: usercopy/swapgs barriers and __user pointer sanitization
Mar 12 19:59:32 localhost kernel: Spectre V2 : Mitigation: Retpolines
Mar 12 19:59:32 localhost kernel: Spectre V2 : Spectre v2 / SpectreRSB mitigation: Filling RSB on context switch
Mar 12 19:59:32 localhost kernel: Spectre V2 : Spectre v2 / SpectreRSB : Filling RSB on VMEXIT
Mar 12 19:59:32 localhost kernel: x86/fpu: x87 FPU will use FXSAVE
Mar 12 19:59:32 localhost kernel: Freeing SMP alternatives memory: 48K
Mar 12 19:59:32 localhost kernel: pid_max: default: 32768 minimum: 301
Mar 12 19:59:32 localhost kernel: LSM: initializing lsm=lockdown,capability,landlock,yama,apparmor,integrity
Mar 12 19:59:32 localhost kernel: landlock: Up and running.
Mar 12 19:59:32 localhost kernel: Yama: becoming mindful.
Mar 12 19:59:32 localhost kernel: AppArmor: AppArmor initialized
Mar 12 19:59:32 localhost kernel: Mount-cache hash table entries: 8192 (order: 4, 65536 bytes, linear)
Mar 12 19:59:32 localhost kernel: Mountpoint-cache hash table entries: 8192 (order: 4, 65536 bytes, linear)
Mar 12 19:59:32 localhost kernel: smpboot: CPU0: AMD QEMU Virtual CPU version 2.5+ (family: 0xf, model: 0x6b, stepping: 0x1)
Mar 12 19:59:32 localhost kernel: RCU Tasks: Setting shift to 1 and lim to 1 rcu_task_cb_adjust=1 rcu_task_cpu_ids=2.
Mar 12 19:59:32 localhost kernel: RCU Tasks Rude: Setting shift to 1 and lim to 1 rcu_task_cb_adjust=1 rcu_task_cpu_ids=2.
Mar 12 19:59:32 localhost kernel: RCU Tasks Trace: Setting shift to 1 and lim to 1 rcu_task_cb_adjust=1 rcu_task_cpu_ids=2.
Mar 12 19:59:32 localhost kernel: Performance Events: AMD PMU driver.
Mar 12 19:59:32 localhost kernel: ... version:                0
Mar 12 19:59:32 localhost kernel: ... bit width:              48
Mar 12 19:59:32 localhost kernel: ... generic registers:      4
Mar 12 19:59:32 localhost kernel: ... value mask:             0000ffffffffffff
Mar 12 19:59:32 localhost kernel: ... max period:             00007fffffffffff
Mar 12 19:59:32 localhost kernel: ... fixed-purpose events:   0
Mar 12 19:59:32 localhost kernel: ... event mask:             000000000000000f
Mar 12 19:59:32 localhost kernel: signal: max sigframe size: 1440
Mar 12 19:59:32 localhost kernel: rcu: Hierarchical SRCU implementation.
Mar 12 19:59:32 localhost kernel: rcu:         Max phase no-delay instances is 400.
Mar 12 19:59:32 localhost kernel: smp: Bringing up secondary CPUs ...
Mar 12 19:59:32 localhost kernel: smpboot: x86: Booting SMP configuration:
Mar 12 19:59:32 localhost kernel: .... node  #0, CPUs:      #1
Mar 12 19:59:32 localhost kernel: smp: Brought up 1 node, 2 CPUs
Mar 12 19:59:32 localhost kernel: smpboot: Max logical packages: 1
Mar 12 19:59:32 localhost kernel: smpboot: Total of 2 processors activated (13599.98 BogoMIPS)
Mar 12 19:59:32 localhost kernel: devtmpfs: initialized
Mar 12 19:59:32 localhost kernel: x86/mm: Memory block size: 128MB
Mar 12 19:59:32 localhost kernel: clocksource: jiffies: mask: 0xffffffff max_cycles: 0xffffffff, max_idle_ns: 1911260446275000 ns
Mar 12 19:59:32 localhost kernel: futex hash table entries: 512 (order: 3, 32768 bytes, linear)
Mar 12 19:59:32 localhost kernel: pinctrl core: initialized pinctrl subsystem
Mar 12 19:59:32 localhost kernel: PM: RTC time: 19:59:29, date: 2025-03-12
Mar 12 19:59:32 localhost kernel: NET: Registered PF_NETLINK/PF_ROUTE protocol family
Mar 12 19:59:32 localhost kernel: DMA: preallocated 512 KiB GFP_KERNEL pool for atomic allocations
Mar 12 19:59:32 localhost kernel: DMA: preallocated 512 KiB GFP_KERNEL|GFP_DMA pool for atomic allocations
Mar 12 19:59:32 localhost kernel: DMA: preallocated 512 KiB GFP_KERNEL|GFP_DMA32 pool for atomic allocations
Mar 12 19:59:32 localhost kernel: audit: initializing netlink subsys (disabled)
Mar 12 19:59:32 localhost kernel: audit: type=2000 audit(1741809568.863:1): state=initialized audit_enabled=0 res=1
Mar 12 19:59:32 localhost kernel: thermal_sys: Registered thermal governor 'fair_share'
Mar 12 19:59:32 localhost kernel: thermal_sys: Registered thermal governor 'bang_bang'
Mar 12 19:59:32 localhost kernel: thermal_sys: Registered thermal governor 'step_wise'
Mar 12 19:59:32 localhost kernel: thermal_sys: Registered thermal governor 'user_space'
Mar 12 19:59:32 localhost kernel: thermal_sys: Registered thermal governor 'power_allocator'
Mar 12 19:59:32 localhost kernel: EISA bus registered
Mar 12 19:59:32 localhost kernel: cpuidle: using governor ladder
Mar 12 19:59:32 localhost kernel: cpuidle: using governor menu
Mar 12 19:59:32 localhost kernel: acpiphp: ACPI Hot Plug PCI Controller Driver version: 0.5
Mar 12 19:59:32 localhost kernel: PCI: Using configuration type 1 for base access
Mar 12 19:59:32 localhost kernel: kprobes: kprobe jump-optimization is enabled. All kprobes are optimized if possible.
Mar 12 19:59:32 localhost kernel: HugeTLB: registered 2.00 MiB page size, pre-allocated 0 pages
Mar 12 19:59:32 localhost kernel: HugeTLB: 28 KiB vmemmap can be freed for a 2.00 MiB page
Mar 12 19:59:32 localhost kernel: fbcon: Taking over console
Mar 12 19:59:32 localhost kernel: ACPI: Added _OSI(Module Device)
Mar 12 19:59:32 localhost kernel: ACPI: Added _OSI(Processor Device)
Mar 12 19:59:32 localhost kernel: ACPI: Added _OSI(3.0 _SCP Extensions)
Mar 12 19:59:32 localhost kernel: ACPI: Added _OSI(Processor Aggregator Device)
Mar 12 19:59:32 localhost kernel: ACPI: 2 ACPI AML tables successfully acquired and loaded
Mar 12 19:59:32 localhost kernel: ACPI: _OSC evaluation for CPUs failed, trying _PDC
Mar 12 19:59:32 localhost kernel: ACPI: Interpreter enabled
Mar 12 19:59:32 localhost kernel: ACPI: PM: (supports S0 S3 S4 S5)
Mar 12 19:59:32 localhost kernel: ACPI: Using IOAPIC for interrupt routing
Mar 12 19:59:32 localhost kernel: PCI: Using host bridge windows from ACPI; if necessary, use "pci=nocrs" and report a bug
Mar 12 19:59:32 localhost kernel: PCI: Using E820 reservations for host bridge windows
Mar 12 19:59:32 localhost kernel: ACPI: Enabled 3 GPEs in block 00 to 0F
Mar 12 19:59:32 localhost kernel: ACPI: PCI Root Bridge [PCI0] (domain 0000 [bus 00-ff])
Mar 12 19:59:32 localhost kernel: acpi PNP0A03:00: _OSC: OS supports [ASPM ClockPM Segments MSI EDR HPX-Type3]
Mar 12 19:59:32 localhost kernel: acpi PNP0A03:00: _OSC: not requesting OS control; OS requires [ExtendedConfig ASPM ClockPM MSI]
Mar 12 19:59:32 localhost kernel: acpi PNP0A03:00: fail to add MMCONFIG information, can't access extended configuration space under this bridge
Mar 12 19:59:32 localhost kernel: acpiphp: Slot [3] registered
Mar 12 19:59:32 localhost kernel: acpiphp: Slot [8] registered
Mar 12 19:59:32 localhost kernel: acpiphp: Slot [18] registered
Mar 12 19:59:32 localhost kernel: acpiphp: Slot [4] registered
Mar 12 19:59:32 localhost kernel: acpiphp: Slot [6] registered
Mar 12 19:59:32 localhost kernel: acpiphp: Slot [7] registered
Mar 12 19:59:32 localhost kernel: acpiphp: Slot [9] registered
Mar 12 19:59:32 localhost kernel: acpiphp: Slot [10] registered
Mar 12 19:59:32 localhost kernel: acpiphp: Slot [11] registered
Mar 12 19:59:32 localhost kernel: acpiphp: Slot [12] registered
Mar 12 19:59:32 localhost kernel: acpiphp: Slot [13] registered
Mar 12 19:59:32 localhost kernel: acpiphp: Slot [14] registered
Mar 12 19:59:32 localhost kernel: acpiphp: Slot [15] registered
Mar 12 19:59:32 localhost kernel: acpiphp: Slot [16] registered
Mar 12 19:59:32 localhost kernel: acpiphp: Slot [17] registered
Mar 12 19:59:32 localhost kernel: acpiphp: Slot [19] registered
Mar 12 19:59:32 localhost kernel: acpiphp: Slot [20] registered
Mar 12 19:59:32 localhost kernel: acpiphp: Slot [21] registered
Mar 12 19:59:32 localhost kernel: acpiphp: Slot [22] registered
Mar 12 19:59:32 localhost kernel: acpiphp: Slot [23] registered
Mar 12 19:59:32 localhost kernel: acpiphp: Slot [24] registered
Mar 12 19:59:32 localhost kernel: acpiphp: Slot [25] registered
Mar 12 19:59:32 localhost kernel: acpiphp: Slot [26] registered
Mar 12 19:59:32 localhost kernel: acpiphp: Slot [27] registered
Mar 12 19:59:32 localhost kernel: acpiphp: Slot [28] registered
Mar 12 19:59:32 localhost kernel: acpiphp: Slot [29] registered
Mar 12 19:59:32 localhost kernel: PCI host bridge to bus 0000:00
Mar 12 19:59:32 localhost kernel: pci_bus 0000:00: root bus resource [io  0x0000-0x0cf7 window]
Mar 12 19:59:32 localhost kernel: pci_bus 0000:00: root bus resource [io  0x0d00-0xffff window]
Mar 12 19:59:32 localhost kernel: pci_bus 0000:00: root bus resource [mem 0x000a0000-0x000bffff window]
Mar 12 19:59:32 localhost kernel: pci_bus 0000:00: root bus resource [mem 0xc0000000-0xfebfffff window]
Mar 12 19:59:32 localhost kernel: pci_bus 0000:00: root bus resource [mem 0xc000000000-0xc0a000bfff window]
Mar 12 19:59:32 localhost kernel: pci_bus 0000:00: root bus resource [bus 00-ff]
Mar 12 19:59:32 localhost kernel: pci 0000:00:00.0: [8086:1237] type 00 class 0x060000 conventional PCI endpoint
Mar 12 19:59:32 localhost kernel: pci 0000:00:01.0: [8086:7000] type 00 class 0x060100 conventional PCI endpoint
Mar 12 19:59:32 localhost kernel: pci 0000:00:01.1: [8086:7010] type 00 class 0x010180 conventional PCI endpoint
Mar 12 19:59:32 localhost kernel: pci 0000:00:01.1: BAR 4 [io  0xf0c0-0xf0cf]
Mar 12 19:59:32 localhost kernel: pci 0000:00:01.1: BAR 0 [io  0x01f0-0x01f7]: legacy IDE quirk
Mar 12 19:59:32 localhost kernel: pci 0000:00:01.1: BAR 1 [io  0x03f6]: legacy IDE quirk
Mar 12 19:59:32 localhost kernel: pci 0000:00:01.1: BAR 2 [io  0x0170-0x0177]: legacy IDE quirk
Mar 12 19:59:32 localhost kernel: pci 0000:00:01.1: BAR 3 [io  0x0376]: legacy IDE quirk
Mar 12 19:59:32 localhost kernel: pci 0000:00:01.2: [8086:7020] type 00 class 0x0c0300 conventional PCI endpoint
Mar 12 19:59:32 localhost kernel: pci 0000:00:01.2: BAR 4 [io  0xf080-0xf09f]
Mar 12 19:59:32 localhost kernel: pci 0000:00:01.3: [8086:7113] type 00 class 0x068000 conventional PCI endpoint
Mar 12 19:59:32 localhost kernel: pci 0000:00:01.3: quirk: [io  0x0600-0x063f] claimed by PIIX4 ACPI
Mar 12 19:59:32 localhost kernel: pci 0000:00:01.3: quirk: [io  0x0700-0x070f] claimed by PIIX4 SMB
Mar 12 19:59:32 localhost kernel: pci 0000:00:02.0: [1234:1111] type 00 class 0x030000 conventional PCI endpoint
Mar 12 19:59:32 localhost kernel: pci 0000:00:02.0: BAR 0 [mem 0xfd000000-0xfdffffff pref]
Mar 12 19:59:32 localhost kernel: pci 0000:00:02.0: BAR 2 [mem 0xfea50000-0xfea50fff]
Mar 12 19:59:32 localhost kernel: pci 0000:00:02.0: ROM [mem 0xfea40000-0xfea4ffff pref]
Mar 12 19:59:32 localhost kernel: pci 0000:00:02.0: Video device with shadowed ROM at [mem 0x000c0000-0x000dffff]
Mar 12 19:59:32 localhost kernel: pci 0000:00:03.0: [1af4:1002] type 00 class 0x00ff00 conventional PCI endpoint
Mar 12 19:59:32 localhost kernel: pci 0000:00:03.0: BAR 0 [io  0xf000-0xf03f]
Mar 12 19:59:32 localhost kernel: pci 0000:00:03.0: BAR 4 [mem 0xc0a0000000-0xc0a0003fff 64bit pref]
Mar 12 19:59:32 localhost kernel: pci 0000:00:05.0: [1b36:0001] type 01 class 0x060400 conventional PCI bridge
Mar 12 19:59:32 localhost kernel: pci 0000:00:05.0: BAR 0 [mem 0xc000000000-0xc0000000ff 64bit]
Mar 12 19:59:32 localhost kernel: pci 0000:00:05.0: PCI bridge to [bus 01]
Mar 12 19:59:32 localhost kernel: pci 0000:00:05.0:   bridge window [io  0xe000-0xefff]
Mar 12 19:59:32 localhost kernel: pci 0000:00:05.0:   bridge window [mem 0xfe800000-0xfe9fffff]
Mar 12 19:59:32 localhost kernel: pci 0000:00:05.0:   bridge window [mem 0xc080000000-0xc09fffffff 64bit pref]
Mar 12 19:59:32 localhost kernel: pci 0000:00:08.0: [1af4:1003] type 00 class 0x078000 conventional PCI endpoint
Mar 12 19:59:32 localhost kernel: pci 0000:00:08.0: BAR 0 [io  0xf040-0xf07f]
Mar 12 19:59:32 localhost kernel: pci 0000:00:08.0: BAR 1 [mem 0xfea51000-0xfea51fff]
Mar 12 19:59:32 localhost kernel: pci 0000:00:08.0: BAR 4 [mem 0xc0a0004000-0xc0a0007fff 64bit pref]
Mar 12 19:59:32 localhost kernel: pci 0000:00:12.0: [1af4:1000] type 00 class 0x020000 conventional PCI endpoint
Mar 12 19:59:32 localhost kernel: pci 0000:00:12.0: BAR 0 [io  0xf0a0-0xf0bf]
Mar 12 19:59:32 localhost kernel: pci 0000:00:12.0: BAR 1 [mem 0xfea52000-0xfea52fff]
Mar 12 19:59:32 localhost kernel: pci 0000:00:12.0: BAR 4 [mem 0xc0a0008000-0xc0a000bfff 64bit pref]
Mar 12 19:59:32 localhost kernel: pci 0000:00:12.0: ROM [mem 0xfea00000-0xfea3ffff pref]
Mar 12 19:59:32 localhost kernel: pci 0000:00:1e.0: [1b36:0001] type 01 class 0x060400 conventional PCI bridge
Mar 12 19:59:32 localhost kernel: pci 0000:00:1e.0: BAR 0 [mem 0xc000001000-0xc0000010ff 64bit]
Mar 12 19:59:32 localhost kernel: pci 0000:00:1e.0: PCI bridge to [bus 02]
Mar 12 19:59:32 localhost kernel: pci 0000:00:1e.0:   bridge window [io  0xd000-0xdfff]
Mar 12 19:59:32 localhost kernel: pci 0000:00:1e.0:   bridge window [mem 0xfe600000-0xfe7fffff]
Mar 12 19:59:32 localhost kernel: pci 0000:00:1e.0:   bridge window [mem 0xc060000000-0xc07fffffff 64bit pref]
Mar 12 19:59:32 localhost kernel: pci 0000:00:1f.0: [1b36:0001] type 01 class 0x060400 conventional PCI bridge
Mar 12 19:59:32 localhost kernel: pci 0000:00:1f.0: BAR 0 [mem 0xc000002000-0xc0000020ff 64bit]
Mar 12 19:59:32 localhost kernel: pci 0000:00:1f.0: PCI bridge to [bus 03]
Mar 12 19:59:32 localhost kernel: pci 0000:00:1f.0:   bridge window [io  0xc000-0xcfff]
Mar 12 19:59:32 localhost kernel: pci 0000:00:1f.0:   bridge window [mem 0xfe400000-0xfe5fffff]
Mar 12 19:59:32 localhost kernel: pci 0000:00:1f.0:   bridge window [mem 0xc040000000-0xc05fffffff 64bit pref]
Mar 12 19:59:32 localhost kernel: pci_bus 0000:01: extended config space not accessible
Mar 12 19:59:32 localhost kernel: acpiphp: Slot [1-2] registered
Mar 12 19:59:32 localhost kernel: acpiphp: Slot [0] registered
Mar 12 19:59:32 localhost kernel: acpiphp: Slot [2] registered
Mar 12 19:59:32 localhost kernel: acpiphp: Slot [3-2] registered
Mar 12 19:59:32 localhost kernel: acpiphp: Slot [4-2] registered
Mar 12 19:59:32 localhost kernel: acpiphp: Slot [5] registered
Mar 12 19:59:32 localhost kernel: acpiphp: Slot [6-2] registered
Mar 12 19:59:32 localhost kernel: acpiphp: Slot [7-2] registered
Mar 12 19:59:32 localhost kernel: acpiphp: Slot [8-2] registered
Mar 12 19:59:32 localhost kernel: acpiphp: Slot [9-2] registered
Mar 12 19:59:32 localhost kernel: acpiphp: Slot [10-2] registered
Mar 12 19:59:32 localhost kernel: acpiphp: Slot [11-2] registered
Mar 12 19:59:32 localhost kernel: acpiphp: Slot [12-2] registered
Mar 12 19:59:32 localhost kernel: acpiphp: Slot [13-2] registered
Mar 12 19:59:32 localhost kernel: acpiphp: Slot [14-2] registered
Mar 12 19:59:32 localhost kernel: acpiphp: Slot [15-2] registered
Mar 12 19:59:32 localhost kernel: acpiphp: Slot [16-2] registered
Mar 12 19:59:32 localhost kernel: acpiphp: Slot [17-2] registered
Mar 12 19:59:32 localhost kernel: acpiphp: Slot [18-2] registered
Mar 12 19:59:32 localhost kernel: acpiphp: Slot [19-2] registered
Mar 12 19:59:32 localhost kernel: acpiphp: Slot [20-2] registered
Mar 12 19:59:32 localhost kernel: acpiphp: Slot [21-2] registered
Mar 12 19:59:32 localhost kernel: acpiphp: Slot [22-2] registered
Mar 12 19:59:32 localhost kernel: acpiphp: Slot [23-2] registered
Mar 12 19:59:32 localhost kernel: acpiphp: Slot [24-2] registered
Mar 12 19:59:32 localhost kernel: acpiphp: Slot [25-2] registered
Mar 12 19:59:32 localhost kernel: acpiphp: Slot [26-2] registered
Mar 12 19:59:32 localhost kernel: acpiphp: Slot [27-2] registered
Mar 12 19:59:32 localhost kernel: acpiphp: Slot [28-2] registered
Mar 12 19:59:32 localhost kernel: acpiphp: Slot [29-2] registered
Mar 12 19:59:32 localhost kernel: acpiphp: Slot [30] registered
Mar 12 19:59:32 localhost kernel: acpiphp: Slot [31] registered
Mar 12 19:59:32 localhost kernel: pci 0000:01:01.0: [1af4:1004] type 00 class 0x010000 conventional PCI endpoint
Mar 12 19:59:32 localhost kernel: pci 0000:01:01.0: BAR 0 [io  0xe000-0xe03f]
Mar 12 19:59:32 localhost kernel: pci 0000:01:01.0: BAR 1 [mem 0xfe800000-0xfe800fff]
Mar 12 19:59:32 localhost kernel: pci 0000:01:01.0: BAR 4 [mem 0xc080000000-0xc080003fff 64bit pref]
Mar 12 19:59:32 localhost kernel: pci 0000:00:05.0: PCI bridge to [bus 01]
Mar 12 19:59:32 localhost kernel: pci_bus 0000:02: extended config space not accessible
Mar 12 19:59:32 localhost kernel: acpiphp: Slot [0-2] registered
Mar 12 19:59:32 localhost kernel: acpiphp: Slot [1-3] registered
Mar 12 19:59:32 localhost kernel: acpiphp: Slot [2-2] registered
Mar 12 19:59:32 localhost kernel: acpiphp: Slot [3-3] registered
Mar 12 19:59:32 localhost kernel: acpiphp: Slot [4-3] registered
Mar 12 19:59:32 localhost kernel: acpiphp: Slot [5-2] registered
Mar 12 19:59:32 localhost kernel: acpiphp: Slot [6-3] registered
Mar 12 19:59:32 localhost kernel: acpiphp: Slot [7-3] registered
Mar 12 19:59:32 localhost kernel: acpiphp: Slot [8-3] registered
Mar 12 19:59:32 localhost kernel: acpiphp: Slot [9-3] registered
Mar 12 19:59:32 localhost kernel: acpiphp: Slot [10-3] registered
Mar 12 19:59:32 localhost kernel: acpiphp: Slot [11-3] registered
Mar 12 19:59:32 localhost kernel: acpiphp: Slot [12-3] registered
Mar 12 19:59:32 localhost kernel: acpiphp: Slot [13-3] registered
Mar 12 19:59:32 localhost kernel: acpiphp: Slot [14-3] registered
Mar 12 19:59:32 localhost kernel: acpiphp: Slot [15-3] registered
Mar 12 19:59:32 localhost kernel: acpiphp: Slot [16-3] registered
Mar 12 19:59:32 localhost kernel: acpiphp: Slot [17-3] registered
Mar 12 19:59:32 localhost kernel: acpiphp: Slot [18-3] registered
Mar 12 19:59:32 localhost kernel: acpiphp: Slot [19-3] registered
Mar 12 19:59:32 localhost kernel: acpiphp: Slot [20-3] registered
Mar 12 19:59:32 localhost kernel: acpiphp: Slot [21-3] registered
Mar 12 19:59:32 localhost kernel: acpiphp: Slot [22-3] registered
Mar 12 19:59:32 localhost kernel: acpiphp: Slot [23-3] registered
Mar 12 19:59:32 localhost kernel: acpiphp: Slot [24-3] registered
Mar 12 19:59:32 localhost kernel: acpiphp: Slot [25-3] registered
Mar 12 19:59:32 localhost kernel: acpiphp: Slot [26-3] registered
Mar 12 19:59:32 localhost kernel: acpiphp: Slot [27-3] registered
Mar 12 19:59:32 localhost kernel: acpiphp: Slot [28-3] registered
Mar 12 19:59:32 localhost kernel: acpiphp: Slot [29-3] registered
Mar 12 19:59:32 localhost kernel: acpiphp: Slot [30-2] registered
Mar 12 19:59:32 localhost kernel: acpiphp: Slot [31-2] registered
Mar 12 19:59:32 localhost kernel: pci 0000:00:1e.0: PCI bridge to [bus 02]
Mar 12 19:59:32 localhost kernel: pci_bus 0000:03: extended config space not accessible
Mar 12 19:59:32 localhost kernel: acpiphp: Slot [0-3] registered
Mar 12 19:59:32 localhost kernel: acpiphp: Slot [1-4] registered
Mar 12 19:59:32 localhost kernel: acpiphp: Slot [2-3] registered
Mar 12 19:59:32 localhost kernel: acpiphp: Slot [3-4] registered
Mar 12 19:59:32 localhost kernel: acpiphp: Slot [4-4] registered
Mar 12 19:59:32 localhost kernel: acpiphp: Slot [5-3] registered
Mar 12 19:59:32 localhost kernel: acpiphp: Slot [6-4] registered
Mar 12 19:59:32 localhost kernel: acpiphp: Slot [7-4] registered
Mar 12 19:59:32 localhost kernel: acpiphp: Slot [8-4] registered
Mar 12 19:59:32 localhost kernel: acpiphp: Slot [9-4] registered
Mar 12 19:59:32 localhost kernel: acpiphp: Slot [10-4] registered
Mar 12 19:59:32 localhost kernel: acpiphp: Slot [11-4] registered
Mar 12 19:59:32 localhost kernel: acpiphp: Slot [12-4] registered
Mar 12 19:59:32 localhost kernel: acpiphp: Slot [13-4] registered
Mar 12 19:59:32 localhost kernel: acpiphp: Slot [14-4] registered
Mar 12 19:59:32 localhost kernel: acpiphp: Slot [15-4] registered
Mar 12 19:59:32 localhost kernel: acpiphp: Slot [16-4] registered
Mar 12 19:59:32 localhost kernel: acpiphp: Slot [17-4] registered
Mar 12 19:59:32 localhost kernel: acpiphp: Slot [18-4] registered
Mar 12 19:59:32 localhost kernel: acpiphp: Slot [19-4] registered
Mar 12 19:59:32 localhost kernel: acpiphp: Slot [20-4] registered
Mar 12 19:59:32 localhost kernel: acpiphp: Slot [21-4] registered
Mar 12 19:59:32 localhost kernel: acpiphp: Slot [22-4] registered
Mar 12 19:59:32 localhost kernel: acpiphp: Slot [23-4] registered
Mar 12 19:59:32 localhost kernel: acpiphp: Slot [24-4] registered
Mar 12 19:59:32 localhost kernel: acpiphp: Slot [25-4] registered
Mar 12 19:59:32 localhost kernel: acpiphp: Slot [26-4] registered
Mar 12 19:59:32 localhost kernel: acpiphp: Slot [27-4] registered
Mar 12 19:59:32 localhost kernel: acpiphp: Slot [28-4] registered
Mar 12 19:59:32 localhost kernel: acpiphp: Slot [29-4] registered
Mar 12 19:59:32 localhost kernel: acpiphp: Slot [30-3] registered
Mar 12 19:59:32 localhost kernel: acpiphp: Slot [31-3] registered
Mar 12 19:59:32 localhost kernel: pci 0000:00:1f.0: PCI bridge to [bus 03]
Mar 12 19:59:32 localhost kernel: ACPI: PCI: Interrupt link LNKA configured for IRQ 10
Mar 12 19:59:32 localhost kernel: ACPI: PCI: Interrupt link LNKB configured for IRQ 10
Mar 12 19:59:32 localhost kernel: ACPI: PCI: Interrupt link LNKC configured for IRQ 11
Mar 12 19:59:32 localhost kernel: ACPI: PCI: Interrupt link LNKD configured for IRQ 11
Mar 12 19:59:32 localhost kernel: ACPI: PCI: Interrupt link LNKS configured for IRQ 9
Mar 12 19:59:32 localhost kernel: iommu: Default domain type: Translated
Mar 12 19:59:32 localhost kernel: iommu: DMA domain TLB invalidation policy: lazy mode
Mar 12 19:59:32 localhost kernel: SCSI subsystem initialized
Mar 12 19:59:32 localhost kernel: libata version 3.00 loaded.
Mar 12 19:59:32 localhost kernel: ACPI: bus type USB registered
Mar 12 19:59:32 localhost kernel: usbcore: registered new interface driver usbfs
Mar 12 19:59:32 localhost kernel: usbcore: registered new interface driver hub
Mar 12 19:59:32 localhost kernel: usbcore: registered new device driver usb
Mar 12 19:59:32 localhost kernel: pps_core: LinuxPPS API ver. 1 registered
Mar 12 19:59:32 localhost kernel: pps_core: Software ver. 5.3.6 - Copyright 2005-2007 Rodolfo Giometti <giometti@linux.it>
Mar 12 19:59:32 localhost kernel: PTP clock support registered
Mar 12 19:59:32 localhost kernel: EDAC MC: Ver: 3.0.0
Mar 12 19:59:32 localhost kernel: NetLabel: Initializing
Mar 12 19:59:32 localhost kernel: NetLabel:  domain hash size = 128
Mar 12 19:59:32 localhost kernel: NetLabel:  protocols = UNLABELED CIPSOv4 CALIPSO
Mar 12 19:59:32 localhost kernel: NetLabel:  unlabeled traffic allowed by default
Mar 12 19:59:32 localhost kernel: mctp: management component transport protocol core
Mar 12 19:59:32 localhost kernel: NET: Registered PF_MCTP protocol family
Mar 12 19:59:32 localhost kernel: PCI: Using ACPI for IRQ routing
Mar 12 19:59:32 localhost kernel: PCI: pci_cache_line_size set to 64 bytes
Mar 12 19:59:32 localhost kernel: e820: reserve RAM buffer [mem 0x0009fc00-0x0009ffff]
Mar 12 19:59:32 localhost kernel: e820: reserve RAM buffer [mem 0xbffda000-0xbfffffff]
Mar 12 19:59:32 localhost kernel: pci 0000:00:02.0: vgaarb: setting as boot VGA device
Mar 12 19:59:32 localhost kernel: pci 0000:00:02.0: vgaarb: bridge control possible
Mar 12 19:59:32 localhost kernel: pci 0000:00:02.0: vgaarb: VGA device added: decodes=io+mem,owns=io+mem,locks=none
Mar 12 19:59:32 localhost kernel: vgaarb: loaded
Mar 12 19:59:32 localhost kernel: hpet: 3 channels of 0 reserved for per-cpu timers
Mar 12 19:59:32 localhost kernel: hpet0: at MMIO 0xfed00000, IRQs 2, 8, 0
Mar 12 19:59:32 localhost kernel: hpet0: 3 comparators, 64-bit 100.000000 MHz counter
Mar 12 19:59:32 localhost kernel: clocksource: Switched to clocksource kvm-clock
Mar 12 19:59:32 localhost kernel: VFS: Disk quotas dquot_6.6.0
Mar 12 19:59:32 localhost kernel: VFS: Dquot-cache hash table entries: 512 (order 0, 4096 bytes)
Mar 12 19:59:32 localhost kernel: AppArmor: AppArmor Filesystem Enabled
Mar 12 19:59:32 localhost kernel: pnp: PnP ACPI init
Mar 12 19:59:32 localhost kernel: pnp 00:02: [dma 2]
Mar 12 19:59:32 localhost kernel: pnp: PnP ACPI: found 4 devices
Mar 12 19:59:32 localhost kernel: clocksource: acpi_pm: mask: 0xffffff max_cycles: 0xffffff, max_idle_ns: 2085701024 ns
Mar 12 19:59:32 localhost kernel: NET: Registered PF_INET protocol family
Mar 12 19:59:32 localhost kernel: IP idents hash table entries: 65536 (order: 7, 524288 bytes, linear)
Mar 12 19:59:32 localhost kernel: tcp_listen_portaddr_hash hash table entries: 2048 (order: 3, 32768 bytes, linear)
Mar 12 19:59:32 localhost kernel: Table-perturb hash table entries: 65536 (order: 6, 262144 bytes, linear)
Mar 12 19:59:32 localhost kernel: TCP established hash table entries: 32768 (order: 6, 262144 bytes, linear)
Mar 12 19:59:32 localhost kernel: TCP bind hash table entries: 32768 (order: 8, 1048576 bytes, linear)
Mar 12 19:59:32 localhost kernel: TCP: Hash tables configured (established 32768 bind 32768)
Mar 12 19:59:32 localhost kernel: MPTCP token hash table entries: 4096 (order: 4, 98304 bytes, linear)
Mar 12 19:59:32 localhost kernel: UDP hash table entries: 2048 (order: 4, 65536 bytes, linear)
Mar 12 19:59:32 localhost kernel: UDP-Lite hash table entries: 2048 (order: 4, 65536 bytes, linear)
Mar 12 19:59:32 localhost kernel: NET: Registered PF_UNIX/PF_LOCAL protocol family
Mar 12 19:59:32 localhost kernel: NET: Registered PF_XDP protocol family
Mar 12 19:59:32 localhost kernel: pci 0000:00:05.0: PCI bridge to [bus 01]
Mar 12 19:59:32 localhost kernel: pci 0000:00:05.0:   bridge window [io  0xe000-0xefff]
Mar 12 19:59:32 localhost kernel: pci 0000:00:05.0:   bridge window [mem 0xfe800000-0xfe9fffff]
Mar 12 19:59:32 localhost kernel: pci 0000:00:05.0:   bridge window [mem 0xc080000000-0xc09fffffff 64bit pref]
Mar 12 19:59:32 localhost kernel: pci 0000:00:1e.0: PCI bridge to [bus 02]
Mar 12 19:59:32 localhost kernel: pci 0000:00:1e.0:   bridge window [io  0xd000-0xdfff]
Mar 12 19:59:32 localhost kernel: pci 0000:00:1e.0:   bridge window [mem 0xfe600000-0xfe7fffff]
Mar 12 19:59:32 localhost kernel: pci 0000:00:1e.0:   bridge window [mem 0xc060000000-0xc07fffffff 64bit pref]
Mar 12 19:59:32 localhost kernel: pci 0000:00:1f.0: PCI bridge to [bus 03]
Mar 12 19:59:32 localhost kernel: pci 0000:00:1f.0:   bridge window [io  0xc000-0xcfff]
Mar 12 19:59:32 localhost kernel: pci 0000:00:1f.0:   bridge window [mem 0xfe400000-0xfe5fffff]
Mar 12 19:59:32 localhost kernel: pci 0000:00:1f.0:   bridge window [mem 0xc040000000-0xc05fffffff 64bit pref]
Mar 12 19:59:32 localhost kernel: pci_bus 0000:00: resource 4 [io  0x0000-0x0cf7 window]
Mar 12 19:59:32 localhost kernel: pci_bus 0000:00: resource 5 [io  0x0d00-0xffff window]
Mar 12 19:59:32 localhost kernel: pci_bus 0000:00: resource 6 [mem 0x000a0000-0x000bffff window]
Mar 12 19:59:32 localhost kernel: pci_bus 0000:00: resource 7 [mem 0xc0000000-0xfebfffff window]
Mar 12 19:59:32 localhost kernel: pci_bus 0000:00: resource 8 [mem 0xc000000000-0xc0a000bfff window]
Mar 12 19:59:32 localhost kernel: pci_bus 0000:01: resource 0 [io  0xe000-0xefff]
Mar 12 19:59:32 localhost kernel: pci_bus 0000:01: resource 1 [mem 0xfe800000-0xfe9fffff]
Mar 12 19:59:32 localhost kernel: pci_bus 0000:01: resource 2 [mem 0xc080000000-0xc09fffffff 64bit pref]
Mar 12 19:59:32 localhost kernel: pci_bus 0000:02: resource 0 [io  0xd000-0xdfff]
Mar 12 19:59:32 localhost kernel: pci_bus 0000:02: resource 1 [mem 0xfe600000-0xfe7fffff]
Mar 12 19:59:32 localhost kernel: pci_bus 0000:02: resource 2 [mem 0xc060000000-0xc07fffffff 64bit pref]
Mar 12 19:59:32 localhost kernel: pci_bus 0000:03: resource 0 [io  0xc000-0xcfff]
Mar 12 19:59:32 localhost kernel: pci_bus 0000:03: resource 1 [mem 0xfe400000-0xfe5fffff]
Mar 12 19:59:32 localhost kernel: pci_bus 0000:03: resource 2 [mem 0xc040000000-0xc05fffffff 64bit pref]
Mar 12 19:59:32 localhost kernel: pci 0000:00:01.0: PIIX3: Enabling Passive Release
Mar 12 19:59:32 localhost kernel: pci 0000:00:00.0: Limiting direct PCI/PCI transfers
Mar 12 19:59:32 localhost kernel: ACPI: \_SB_.LNKD: Enabled at IRQ 11
Mar 12 19:59:32 localhost kernel: pci 0000:00:01.2: quirk_usb_early_handoff+0x0/0x190 took 20222 usecs
Mar 12 19:59:32 localhost kernel: PCI: CLS 0 bytes, default 64
Mar 12 19:59:32 localhost kernel: PCI-DMA: Using software bounce buffering for IO (SWIOTLB)
Mar 12 19:59:32 localhost kernel: software IO TLB: mapped [mem 0x00000000bbfda000-0x00000000bffda000] (64MB)
Mar 12 19:59:32 localhost kernel: Trying to unpack rootfs image as initramfs...
Mar 12 19:59:32 localhost kernel: Initialise system trusted keyrings
Mar 12 19:59:32 localhost kernel: Key type blacklist registered
Mar 12 19:59:32 localhost kernel: workingset: timestamp_bits=36 max_order=20 bucket_order=0
Mar 12 19:59:32 localhost kernel: zbud: loaded
Mar 12 19:59:32 localhost kernel: squashfs: version 4.0 (2009/01/31) Phillip Lougher
Mar 12 19:59:32 localhost kernel: fuse: init (API version 7.39)
Mar 12 19:59:32 localhost kernel: integrity: Platform Keyring initialized
Mar 12 19:59:32 localhost kernel: integrity: Machine keyring initialized
Mar 12 19:59:32 localhost kernel: Key type asymmetric registered
Mar 12 19:59:32 localhost kernel: Asymmetric key parser 'x509' registered
Mar 12 19:59:32 localhost kernel: Block layer SCSI generic (bsg) driver version 0.4 loaded (major 243)
Mar 12 19:59:32 localhost kernel: io scheduler mq-deadline registered
Mar 12 19:59:32 localhost kernel: shpchp 0000:00:05.0: Requesting control of SHPC hotplug via OSHP (\_SB_.PCI0.S28_)
Mar 12 19:59:32 localhost kernel: shpchp 0000:00:05.0: Requesting control of SHPC hotplug via OSHP (\_SB_.PCI0)
Mar 12 19:59:32 localhost kernel: shpchp 0000:00:05.0: Cannot get control of SHPC hotplug
Mar 12 19:59:32 localhost kernel: shpchp 0000:00:1e.0: Requesting control of SHPC hotplug via OSHP (\_SB_.PCI0.SF0_)
Mar 12 19:59:32 localhost kernel: shpchp 0000:00:1e.0: Requesting control of SHPC hotplug via OSHP (\_SB_.PCI0)
Mar 12 19:59:32 localhost kernel: shpchp 0000:00:1e.0: Cannot get control of SHPC hotplug
Mar 12 19:59:32 localhost kernel: shpchp 0000:00:1f.0: Requesting control of SHPC hotplug via OSHP (\_SB_.PCI0.SF8_)
Mar 12 19:59:32 localhost kernel: shpchp 0000:00:1f.0: Requesting control of SHPC hotplug via OSHP (\_SB_.PCI0)
Mar 12 19:59:32 localhost kernel: shpchp 0000:00:1f.0: Cannot get control of SHPC hotplug
Mar 12 19:59:32 localhost kernel: shpchp: Standard Hot Plug PCI Controller Driver version: 0.4
Mar 12 19:59:32 localhost kernel: input: Power Button as /devices/LNXSYSTM:00/LNXPWRBN:00/input/input0
Mar 12 19:59:32 localhost kernel: ACPI: button: Power Button [PWRF]
Mar 12 19:59:32 localhost kernel: ACPI: \_SB_.LNKC: Enabled at IRQ 10
Mar 12 19:59:32 localhost kernel: ACPI: \_SB_.LNKB: Enabled at IRQ 10
Mar 12 19:59:32 localhost kernel: ACPI: \_SB_.LNKA: Enabled at IRQ 11
Mar 12 19:59:32 localhost kernel: Free page reporting enabled
Mar 12 19:59:32 localhost kernel: Serial: 8250/16550 driver, 32 ports, IRQ sharing enabled
Mar 12 19:59:32 localhost kernel: Linux agpgart interface v0.103
Mar 12 19:59:32 localhost kernel: loop: module loaded
Mar 12 19:59:32 localhost kernel: virtio_scsi virtio3: 2/0/0 default/read/poll queues
Mar 12 19:59:32 localhost kernel: scsi host0: Virtio SCSI HBA
Mar 12 19:59:32 localhost kernel: ata_piix 0000:00:01.1: version 2.13
Mar 12 19:59:32 localhost kernel: scsi 0:0:0:0: Direct-Access     QEMU     QEMU HARDDISK    2.5+ PQ: 0 ANSI: 5
Mar 12 19:59:32 localhost kernel: scsi host1: ata_piix
Mar 12 19:59:32 localhost kernel: scsi host2: ata_piix
Mar 12 19:59:32 localhost kernel: ata1: PATA max MWDMA2 cmd 0x1f0 ctl 0x3f6 bmdma 0xf0c0 irq 14 lpm-pol 0
Mar 12 19:59:32 localhost kernel: ata2: PATA max MWDMA2 cmd 0x170 ctl 0x376 bmdma 0xf0c8 irq 15 lpm-pol 0
Mar 12 19:59:32 localhost kernel: ACPI: bus type drm_connector registered
Mar 12 19:59:32 localhost kernel: tun: Universal TUN/TAP device driver, 1.6
Mar 12 19:59:32 localhost kernel: PPP generic driver version 2.4.2
Mar 12 19:59:32 localhost kernel: uhci_hcd 0000:00:01.2: UHCI Host Controller
Mar 12 19:59:32 localhost kernel: uhci_hcd 0000:00:01.2: new USB bus registered, assigned bus number 1
Mar 12 19:59:32 localhost kernel: uhci_hcd 0000:00:01.2: detected 2 ports
Mar 12 19:59:32 localhost kernel: uhci_hcd 0000:00:01.2: irq 11, io port 0x0000f080
Mar 12 19:59:32 localhost kernel: usb usb1: New USB device found, idVendor=1d6b, idProduct=0001, bcdDevice= 6.08
Mar 12 19:59:32 localhost kernel: usb usb1: New USB device strings: Mfr=3, Product=2, SerialNumber=1
Mar 12 19:59:32 localhost kernel: usb usb1: Product: UHCI Host Controller
Mar 12 19:59:32 localhost kernel: usb usb1: Manufacturer: Linux 6.8.0-55-generic uhci_hcd
Mar 12 19:59:32 localhost kernel: usb usb1: SerialNumber: 0000:00:01.2
Mar 12 19:59:32 localhost kernel: hub 1-0:1.0: USB hub found
Mar 12 19:59:32 localhost kernel: hub 1-0:1.0: 2 ports detected
Mar 12 19:59:32 localhost kernel: i8042: PNP: PS/2 Controller [PNP0303:KBD,PNP0f13:MOU] at 0x60,0x64 irq 1,12
Mar 12 19:59:32 localhost kernel: serio: i8042 KBD port at 0x60,0x64 irq 1
Mar 12 19:59:32 localhost kernel: serio: i8042 AUX port at 0x60,0x64 irq 12
Mar 12 19:59:32 localhost kernel: mousedev: PS/2 mouse device common for all mice
Mar 12 19:59:32 localhost kernel: rtc_cmos 00:03: RTC can wake from S4
Mar 12 19:59:32 localhost kernel: input: AT Translated Set 2 keyboard as /devices/platform/i8042/serio0/input/input1
Mar 12 19:59:32 localhost kernel: rtc_cmos 00:03: registered as rtc0
Mar 12 19:59:32 localhost kernel: rtc_cmos 00:03: setting system clock to 2025-03-12T19:59:29 UTC (1741809569)
Mar 12 19:59:32 localhost kernel: rtc_cmos 00:03: alarms up to one day, y3k, 242 bytes nvram, hpet irqs
Mar 12 19:59:32 localhost kernel: i2c_dev: i2c /dev entries driver
Mar 12 19:59:32 localhost kernel: device-mapper: core: CONFIG_IMA_DISABLE_HTABLE is disabled. Duplicate IMA measurements will not be recorded in the IMA log.
Mar 12 19:59:32 localhost kernel: device-mapper: uevent: version 1.0.3
Mar 12 19:59:32 localhost kernel: device-mapper: ioctl: 4.48.0-ioctl (2023-03-01) initialised: dm-devel@redhat.com
Mar 12 19:59:32 localhost kernel: platform eisa.0: Probing EISA bus 0
Mar 12 19:59:32 localhost kernel: platform eisa.0: EISA: Cannot allocate resource for mainboard
Mar 12 19:59:32 localhost kernel: platform eisa.0: Cannot allocate resource for EISA slot 1
Mar 12 19:59:32 localhost kernel: platform eisa.0: Cannot allocate resource for EISA slot 2
Mar 12 19:59:32 localhost kernel: platform eisa.0: Cannot allocate resource for EISA slot 3
Mar 12 19:59:32 localhost kernel: platform eisa.0: Cannot allocate resource for EISA slot 4
Mar 12 19:59:32 localhost kernel: platform eisa.0: Cannot allocate resource for EISA slot 5
Mar 12 19:59:32 localhost kernel: platform eisa.0: Cannot allocate resource for EISA slot 6
Mar 12 19:59:32 localhost kernel: platform eisa.0: Cannot allocate resource for EISA slot 7
Mar 12 19:59:32 localhost kernel: platform eisa.0: Cannot allocate resource for EISA slot 8
Mar 12 19:59:32 localhost kernel: platform eisa.0: EISA: Detected 0 cards
Mar 12 19:59:32 localhost kernel: amd_pstate: the _CPC object is not present in SBIOS or ACPI disabled
Mar 12 19:59:32 localhost kernel: ledtrig-cpu: registered to indicate activity on CPUs
Mar 12 19:59:32 localhost kernel: [drm] Initialized simpledrm 1.0.0 20200625 for simple-framebuffer.0 on minor 0
Mar 12 19:59:32 localhost kernel: scsi 0:0:0:0: Attached scsi generic sg0 type 0
Mar 12 19:59:32 localhost kernel: sd 0:0:0:0: Power-on or device reset occurred
Mar 12 19:59:32 localhost kernel: sd 0:0:0:0: [sda] 67108864 512-byte logical blocks: (34.4 GB/32.0 GiB)
Mar 12 19:59:32 localhost kernel: sd 0:0:0:0: [sda] Write Protect is off
Mar 12 19:59:32 localhost kernel: sd 0:0:0:0: [sda] Mode Sense: 63 00 00 08
Mar 12 19:59:32 localhost kernel: sd 0:0:0:0: [sda] Write cache: enabled, read cache: enabled, doesn't support DPO or FUA
Mar 12 19:59:32 localhost kernel: Console: switching to colour frame buffer device 100x37
Mar 12 19:59:32 localhost kernel: simple-framebuffer simple-framebuffer.0: [drm] fb0: simpledrmdrmfb frame buffer device
Mar 12 19:59:32 localhost kernel: drop_monitor: Initializing network drop monitor service
Mar 12 19:59:32 localhost kernel: NET: Registered PF_INET6 protocol family
Mar 12 19:59:32 localhost kernel:  sda: sda1 sda2 sda3
Mar 12 19:59:32 localhost kernel: sd 0:0:0:0: [sda] Attached SCSI disk
Mar 12 19:59:32 localhost kernel: Freeing initrd memory: 67140K
Mar 12 19:59:32 localhost kernel: Segment Routing with IPv6
Mar 12 19:59:32 localhost kernel: In-situ OAM (IOAM) with IPv6
Mar 12 19:59:32 localhost kernel: NET: Registered PF_PACKET protocol family
Mar 12 19:59:32 localhost kernel: Key type dns_resolver registered
Mar 12 19:59:32 localhost kernel: IPI shorthand broadcast: enabled
Mar 12 19:59:32 localhost kernel: sched_clock: Marking stable (513013750, 738981)->(519544758, -5792027)
Mar 12 19:59:32 localhost kernel: registered taskstats version 1
Mar 12 19:59:32 localhost kernel: Loading compiled-in X.509 certificates
Mar 12 19:59:32 localhost kernel: Loaded X.509 cert 'Build time autogenerated kernel key: e0bedf6fa049a1e09bd65ebab3904f14cdd5bc68'
Mar 12 19:59:32 localhost kernel: Loaded X.509 cert 'Canonical Ltd. Live Patch Signing: 14df34d1a87cf37625abec039ef2bf521249b969'
Mar 12 19:59:32 localhost kernel: Loaded X.509 cert 'Canonical Ltd. Kernel Module Signing: 88f752e560a1e0737e31163a466ad7b70a850c19'
Mar 12 19:59:32 localhost kernel: blacklist: Loading compiled-in revocation X.509 certificates
Mar 12 19:59:32 localhost kernel: Loaded X.509 cert 'Canonical Ltd. Secure Boot Signing: 61482aa2830d0ab2ad5af10b7250da9033ddcef0'
Mar 12 19:59:32 localhost kernel: Loaded X.509 cert 'Canonical Ltd. Secure Boot Signing (2017): 242ade75ac4a15e50d50c84b0d45ff3eae707a03'
Mar 12 19:59:32 localhost kernel: Loaded X.509 cert 'Canonical Ltd. Secure Boot Signing (ESM 2018): 365188c1d374d6b07c3c8f240f8ef722433d6a8b'
Mar 12 19:59:32 localhost kernel: Loaded X.509 cert 'Canonical Ltd. Secure Boot Signing (2019): c0746fd6c5da3ae827864651ad66ae47fe24b3e8'
Mar 12 19:59:32 localhost kernel: Loaded X.509 cert 'Canonical Ltd. Secure Boot Signing (2021 v1): a8d54bbb3825cfb94fa13c9f8a594a195c107b8d'
Mar 12 19:59:32 localhost kernel: Loaded X.509 cert 'Canonical Ltd. Secure Boot Signing (2021 v2): 4cf046892d6fd3c9a5b03f98d845f90851dc6a8c'
Mar 12 19:59:32 localhost kernel: Loaded X.509 cert 'Canonical Ltd. Secure Boot Signing (2021 v3): 100437bb6de6e469b581e61cd66bce3ef4ed53af'
Mar 12 19:59:32 localhost kernel: Loaded X.509 cert 'Canonical Ltd. Secure Boot Signing (Ubuntu Core 2019): c1d57b8f6b743f23ee41f4f7ee292f06eecadfb9'
Mar 12 19:59:32 localhost kernel: Key type .fscrypt registered
Mar 12 19:59:32 localhost kernel: Key type fscrypt-provisioning registered
Mar 12 19:59:32 localhost kernel: cryptd: max_cpu_qlen set to 1000
Mar 12 19:59:32 localhost kernel: ata2: found unknown device (class 0)
Mar 12 19:59:32 localhost kernel: ata2.00: ATAPI: QEMU DVD-ROM, 2.5+, max UDMA/100
Mar 12 19:59:32 localhost kernel: scsi 2:0:0:0: CD-ROM            QEMU     QEMU DVD-ROM     2.5+ PQ: 0 ANSI: 5
Mar 12 19:59:32 localhost kernel: sr 2:0:0:0: [sr0] scsi3-mmc drive: 4x/4x cd/rw xa/form2 tray
Mar 12 19:59:32 localhost kernel: cdrom: Uniform CD-ROM driver Revision: 3.20
Mar 12 19:59:32 localhost kernel: sr 2:0:0:0: Attached scsi CD-ROM sr0
Mar 12 19:59:32 localhost kernel: sr 2:0:0:0: Attached scsi generic sg1 type 5
Mar 12 19:59:32 localhost kernel: SSE version of gcm_enc/dec engaged.
Mar 12 19:59:32 localhost kernel: Key type encrypted registered
Mar 12 19:59:32 localhost kernel: AppArmor: AppArmor sha256 policy hashing enabled
Mar 12 19:59:32 localhost kernel: ima: No TPM chip found, activating TPM-bypass!
Mar 12 19:59:32 localhost kernel: Loading compiled-in module X.509 certificates
Mar 12 19:59:32 localhost kernel: Loaded X.509 cert 'Build time autogenerated kernel key: e0bedf6fa049a1e09bd65ebab3904f14cdd5bc68'
Mar 12 19:59:32 localhost kernel: ima: Allocated hash algorithm: sha256
Mar 12 19:59:32 localhost kernel: ima: No architecture policies found
Mar 12 19:59:32 localhost kernel: evm: Initialising EVM extended attributes:
Mar 12 19:59:32 localhost kernel: evm: security.selinux
Mar 12 19:59:32 localhost kernel: evm: security.SMACK64
Mar 12 19:59:32 localhost kernel: evm: security.SMACK64EXEC
Mar 12 19:59:32 localhost kernel: evm: security.SMACK64TRANSMUTE
Mar 12 19:59:32 localhost kernel: evm: security.SMACK64MMAP
Mar 12 19:59:32 localhost kernel: evm: security.apparmor
Mar 12 19:59:32 localhost kernel: evm: security.ima
Mar 12 19:59:32 localhost kernel: evm: security.capability
Mar 12 19:59:32 localhost kernel: evm: HMAC attrs: 0x1
Mar 12 19:59:32 localhost kernel: PM:   Magic number: 1:342:1001
Mar 12 19:59:32 localhost kernel: block sda3: hash matches
Mar 12 19:59:32 localhost kernel: rtc_cmos 00:03: hash matches
Mar 12 19:59:32 localhost kernel: powernow_k8: Power state transitions not supported
Mar 12 19:59:32 localhost kernel: powernow_k8: Power state transitions not supported
Mar 12 19:59:32 localhost kernel: RAS: Correctable Errors collector initialized.
Mar 12 19:59:32 localhost kernel: clk: Disabling unused clocks
Mar 12 19:59:32 localhost kernel: Freeing unused decrypted memory: 2028K
Mar 12 19:59:32 localhost kernel: Freeing unused kernel image (initmem) memory: 4988K
Mar 12 19:59:32 localhost kernel: Write protecting the kernel read-only data: 38912k
Mar 12 19:59:32 localhost kernel: Freeing unused kernel image (rodata/data gap) memory: 2040K
Mar 12 19:59:32 localhost kernel: x86/mm: Checked W+X mappings: passed, no W+X pages found.
Mar 12 19:59:32 localhost kernel: usb 1-1: new full-speed USB device number 2 using uhci_hcd
Mar 12 19:59:32 localhost kernel: Run /init as init process
Mar 12 19:59:32 localhost kernel:   with arguments:
Mar 12 19:59:32 localhost kernel:     /init
Mar 12 19:59:32 localhost kernel:   with environment:
Mar 12 19:59:32 localhost kernel:     HOME=/
Mar 12 19:59:32 localhost kernel:     TERM=linux
Mar 12 19:59:32 localhost kernel:     BOOT_IMAGE=/vmlinuz-6.8.0-55-generic
Mar 12 19:59:32 localhost kernel: virtio_net virtio2 ens18: renamed from eth0
Mar 12 19:59:32 localhost kernel: input: VirtualPS/2 VMware VMMouse as /devices/platform/i8042/serio1/input/input4
Mar 12 19:59:32 localhost kernel: input: VirtualPS/2 VMware VMMouse as /devices/platform/i8042/serio1/input/input3
Mar 12 19:59:32 localhost kernel: FDC 0 is a S82078B
Mar 12 19:59:32 localhost kernel: Console: switching to colour dummy device 80x25
Mar 12 19:59:32 localhost kernel: bochs-drm 0000:00:02.0: vgaarb: deactivate vga console
Mar 12 19:59:32 localhost kernel: [drm] Found bochs VGA, ID 0xb0c5.
Mar 12 19:59:32 localhost kernel: [drm] Framebuffer size 16384 kB @ 0xfd000000, mmio @ 0xfea50000.
Mar 12 19:59:32 localhost kernel: [drm] Found EDID data blob.
Mar 12 19:59:32 localhost kernel: [drm] Initialized bochs-drm 1.0.0 20130925 for 0000:00:02.0 on minor 0
Mar 12 19:59:32 localhost kernel: fbcon: bochs-drmdrmfb (fb0) is primary device
Mar 12 19:59:32 localhost kernel: Console: switching to colour frame buffer device 160x50
Mar 12 19:59:32 localhost kernel: bochs-drm 0000:00:02.0: [drm] fb0: bochs-drmdrmfb frame buffer device
Mar 12 19:59:32 localhost kernel: usb 1-1: New USB device found, idVendor=0627, idProduct=0001, bcdDevice= 0.00
Mar 12 19:59:32 localhost kernel: usb 1-1: New USB device strings: Mfr=1, Product=3, SerialNumber=10
Mar 12 19:59:32 localhost kernel: usb 1-1: Product: QEMU USB Tablet
Mar 12 19:59:32 localhost kernel: usb 1-1: Manufacturer: QEMU
Mar 12 19:59:32 localhost kernel: usb 1-1: SerialNumber: 28754-0000:00:01.2-1
Mar 12 19:59:32 localhost kernel: hid: raw HID events driver (C) Jiri Kosina
Mar 12 19:59:32 localhost kernel: usbcore: registered new interface driver usbhid
Mar 12 19:59:32 localhost kernel: usbhid: USB HID core driver
Mar 12 19:59:32 localhost kernel: input: QEMU QEMU USB Tablet as /devices/pci0000:00/0000:00:01.2/usb1/1-1/1-1:1.0/0003:0627:0001.0001/input/input5
Mar 12 19:59:32 localhost kernel: hid-generic 0003:0627:0001.0001: input,hidraw0: USB HID v0.01 Mouse [QEMU QEMU USB Tablet] on usb-0000:00:01.2-1/input0
Mar 12 19:59:32 localhost kernel: random: crng init done
Mar 12 19:59:32 localhost kernel: raid6: sse2x4   gen() 19284 MB/s
Mar 12 19:59:32 localhost kernel: raid6: sse2x2   gen()  5739 MB/s
Mar 12 19:59:32 localhost kernel: raid6: sse2x1   gen()  1416 MB/s
Mar 12 19:59:32 localhost kernel: raid6: using algorithm sse2x4 gen() 19284 MB/s
Mar 12 19:59:32 localhost kernel: raid6: .... xor() 2562 MB/s, rmw enabled
Mar 12 19:59:32 localhost kernel: raid6: using ssse3x2 recovery algorithm
Mar 12 19:59:32 localhost kernel: xor: measuring software checksum speed
Mar 12 19:59:32 localhost kernel:    prefetch64-sse  : 32993 MB/sec
Mar 12 19:59:32 localhost kernel:    generic_sse     : 26963 MB/sec
Mar 12 19:59:32 localhost kernel: xor: using function: prefetch64-sse (32993 MB/sec)
Mar 12 19:59:32 localhost kernel: async_tx: api initialized (async)
Mar 12 19:59:32 localhost kernel: Btrfs loaded, zoned=yes, fsverity=yes
Mar 12 19:59:32 localhost kernel: workqueue: drm_fb_helper_damage_work hogged CPU for >10000us 4 times, consider switching to WQ_UNBOUND
Mar 12 19:59:32 localhost kernel: EXT4-fs (dm-0): mounted filesystem 78dfc1ab-05ce-40b9-a2f8-2f3e03168145 ro with ordered data mode. Quota mode: none.
Mar 12 19:59:32 localhost systemd[1]: Inserted module 'autofs4'
Mar 12 19:59:32 localhost kernel: workqueue: drm_fb_helper_damage_work hogged CPU for >10000us 8 times, consider switching to WQ_UNBOUND
Mar 12 19:59:32 localhost systemd[1]: systemd 255.4-1ubuntu8.5 running in system mode (+PAM +AUDIT +SELINUX +APPARMOR +IMA +SMACK +SECCOMP +GCRYPT -GNUTLS +OPENSSL +ACL +BLKID +CURL +ELFUTILS +FIDO2 +IDN2 -IDN +IPTC +KMOD +LIBCRYPTSETUP +LIBFDISK +PCRE2 -PWQUALITY +P11KIT +QRENCODE +TPM2 +BZIP2 +LZ4 +XZ +ZLIB +ZSTD -BPF_FRAMEWORK -XKBCOMMON +UTMP +SYSVINIT default-hierarchy=unified)
Mar 12 19:59:32 localhost systemd[1]: Detected virtualization kvm.
Mar 12 19:59:32 localhost systemd[1]: Detected architecture x86-64.
Mar 12 19:59:32 localhost systemd[1]: No hostname configured, using default hostname.
Mar 12 19:59:32 localhost systemd[1]: Hostname set to <localhost>.
Mar 12 19:59:32 localhost systemd[1]: Queued start job for default target graphical.target.
Mar 12 19:59:32 localhost systemd[1]: Created slice system-modprobe.slice - Slice /system/modprobe.
Mar 12 19:59:32 localhost systemd[1]: Created slice system-systemd\x2dfsck.slice - Slice /system/systemd-fsck.
Mar 12 19:59:32 localhost systemd[1]: Created slice user.slice - User and Session Slice.
Mar 12 19:59:32 localhost systemd[1]: Started systemd-ask-password-wall.path - Forward Password Requests to Wall Directory Watch.
Mar 12 19:59:32 localhost systemd[1]: Set up automount proc-sys-fs-binfmt_misc.automount - Arbitrary Executable File Formats File System Automount Point.
Mar 12 19:59:32 localhost systemd[1]: Expecting device dev-disk-by\x2duuid-c3f8f018\x2df5f7\x2d4a5d\x2d92a1\x2d12ee87108672.device - /dev/disk/by-uuid/c3f8f018-f5f7-4a5d-92a1-12ee87108672...
Mar 12 19:59:32 localhost systemd[1]: Reached target integritysetup.target - Local Integrity Protected Volumes.
Mar 12 19:59:32 localhost systemd[1]: Reached target slices.target - Slice Units.
Mar 12 19:59:32 localhost systemd[1]: Reached target snapd.mounts-pre.target - Mounting snaps.
Mar 12 19:59:32 localhost systemd[1]: Reached target snapd.mounts.target - Mounted snaps.
Mar 12 19:59:32 localhost systemd[1]: Reached target veritysetup.target - Local Verity Protected Volumes.
Mar 12 19:59:32 localhost systemd[1]: Listening on dm-event.socket - Device-mapper event daemon FIFOs.
Mar 12 19:59:32 localhost systemd[1]: Listening on lvm2-lvmpolld.socket - LVM2 poll daemon socket.
Mar 12 19:59:32 localhost systemd[1]: Listening on multipathd.socket - multipathd control socket.
Mar 12 19:59:32 localhost systemd[1]: Listening on syslog.socket - Syslog Socket.
Mar 12 19:59:32 localhost systemd[1]: Listening on systemd-fsckd.socket - fsck to fsckd communication Socket.
Mar 12 19:59:32 localhost systemd[1]: Listening on systemd-initctl.socket - initctl Compatibility Named Pipe.
Mar 12 19:59:32 localhost systemd[1]: Listening on systemd-journald-dev-log.socket - Journal Socket (/dev/log).
Mar 12 19:59:32 localhost systemd[1]: Listening on systemd-journald.socket - Journal Socket.
Mar 12 19:59:32 localhost systemd[1]: Listening on systemd-networkd.socket - Network Service Netlink Socket.
Mar 12 19:59:32 localhost systemd[1]: systemd-pcrextend.socket - TPM2 PCR Extension (Varlink) was skipped because of an unmet condition check (ConditionSecurity=measured-uki).
Mar 12 19:59:32 localhost systemd[1]: Listening on systemd-udevd-control.socket - udev Control Socket.
Mar 12 19:59:32 localhost systemd[1]: Listening on systemd-udevd-kernel.socket - udev Kernel Socket.
Mar 12 19:59:32 localhost systemd[1]: Mounting dev-hugepages.mount - Huge Pages File System...
Mar 12 19:59:32 localhost systemd[1]: Mounting dev-mqueue.mount - POSIX Message Queue File System...
Mar 12 19:59:32 localhost systemd[1]: Mounting sys-kernel-debug.mount - Kernel Debug File System...
Mar 12 19:59:32 localhost systemd[1]: Mounting sys-kernel-tracing.mount - Kernel Trace File System...
Mar 12 19:59:32 localhost systemd[1]: Starting systemd-journald.service - Journal Service...
Mar 12 19:59:32 localhost systemd[1]: Starting keyboard-setup.service - Set the console keyboard layout...
Mar 12 19:59:32 localhost systemd[1]: Starting kmod-static-nodes.service - Create List of Static Device Nodes...
Mar 12 19:59:32 localhost systemd-journald[308]: Collecting audit messages is disabled.
Mar 12 19:59:32 localhost systemd[1]: Starting lvm2-monitor.service - Monitoring of LVM2 mirrors, snapshots etc. using dmeventd or progress polling...
Mar 12 19:59:32 localhost systemd-journald[308]: Journal started
Mar 12 19:59:32 localhost systemd-journald[308]: Runtime Journal (/run/log/journal/560b026a44d3424ea490d29e1a7e2775) is 4.8M, max 39.1M, 34.2M free.
Mar 12 19:59:32 localhost systemd[1]: Starting modprobe@configfs.service - Load Kernel Module configfs...
Mar 12 19:59:32 localhost systemd[1]: Starting modprobe@dm_mod.service - Load Kernel Module dm_mod...
Mar 12 19:59:32 localhost systemd[1]: Starting modprobe@drm.service - Load Kernel Module drm...
Mar 12 19:59:32 localhost systemd[1]: Starting modprobe@efi_pstore.service - Load Kernel Module efi_pstore...
Mar 12 19:59:32 localhost systemd[1]: Starting modprobe@fuse.service - Load Kernel Module fuse...
Mar 12 19:59:32 localhost systemd[1]: Starting modprobe@loop.service - Load Kernel Module loop...
Mar 12 19:59:32 localhost systemd[1]: netplan-ovs-cleanup.service - OpenVSwitch configuration for cleanup was skipped because of an unmet condition check (ConditionFileIsExecutable=/usr/bin/ovs-vsctl).
Mar 12 19:59:32 localhost systemd[1]: systemd-fsck-root.service - File System Check on Root Device was skipped because of an unmet condition check (ConditionPathExists=!/run/initramfs/fsck-root).
Mar 12 19:59:32 localhost systemd[1]: Starting systemd-modules-load.service - Load Kernel Modules...
Mar 12 19:59:32 localhost systemd[1]: systemd-pcrmachine.service - TPM2 PCR Machine ID Measurement was skipped because of an unmet condition check (ConditionSecurity=measured-uki).
Mar 12 19:59:32 localhost systemd[1]: Starting systemd-remount-fs.service - Remount Root and Kernel File Systems...
Mar 12 19:59:32 localhost systemd[1]: systemd-tpm2-setup-early.service - TPM2 SRK Setup (Early) was skipped because of an unmet condition check (ConditionSecurity=measured-uki).
Mar 12 19:59:32 localhost lvm[311]:   1 logical volume(s) in volume group "ubuntu-vg" monitored
Mar 12 19:59:32 localhost systemd[1]: Starting systemd-udev-trigger.service - Coldplug All udev Devices...
Mar 12 19:59:32 localhost systemd[1]: Started systemd-journald.service - Journal Service.
Mar 12 19:59:32 localhost systemd[1]: Mounted dev-hugepages.mount - Huge Pages File System.
Mar 12 19:59:32 localhost kernel: EXT4-fs (dm-0): re-mounted 78dfc1ab-05ce-40b9-a2f8-2f3e03168145 r/w. Quota mode: none.
Mar 12 19:59:32 localhost systemd[1]: Mounted dev-mqueue.mount - POSIX Message Queue File System.
Mar 12 19:59:32 localhost systemd[1]: Mounted sys-kernel-debug.mount - Kernel Debug File System.
Mar 12 19:59:32 localhost systemd[1]: Mounted sys-kernel-tracing.mount - Kernel Trace File System.
Mar 12 19:59:32 localhost systemd[1]: Finished keyboard-setup.service - Set the console keyboard layout.
Mar 12 19:59:32 localhost systemd[1]: Finished kmod-static-nodes.service - Create List of Static Device Nodes.
Mar 12 19:59:32 localhost systemd[1]: modprobe@configfs.service: Deactivated successfully.
Mar 12 19:59:32 localhost systemd[1]: Finished modprobe@configfs.service - Load Kernel Module configfs.
Mar 12 19:59:32 localhost systemd[1]: modprobe@dm_mod.service: Deactivated successfully.
Mar 12 19:59:32 localhost systemd[1]: Finished modprobe@dm_mod.service - Load Kernel Module dm_mod.
Mar 12 19:59:32 localhost systemd[1]: modprobe@drm.service: Deactivated successfully.
Mar 12 19:59:32 localhost systemd[1]: Finished modprobe@drm.service - Load Kernel Module drm.
Mar 12 19:59:32 localhost systemd[1]: modprobe@efi_pstore.service: Deactivated successfully.
Mar 12 19:59:32 localhost systemd[1]: Finished modprobe@efi_pstore.service - Load Kernel Module efi_pstore.
Mar 12 19:59:32 localhost systemd[1]: modprobe@fuse.service: Deactivated successfully.
Mar 12 19:59:32 localhost systemd[1]: Finished modprobe@fuse.service - Load Kernel Module fuse.
Mar 12 19:59:32 localhost systemd[1]: modprobe@loop.service: Deactivated successfully.
Mar 12 19:59:32 localhost systemd[1]: Finished modprobe@loop.service - Load Kernel Module loop.
Mar 12 19:59:32 localhost systemd[1]: Finished systemd-remount-fs.service - Remount Root and Kernel File Systems.
Mar 12 19:59:32 localhost systemd[1]: Activating swap swap.img.swap - /swap.img...
Mar 12 19:59:32 localhost systemd[1]: Mounting sys-fs-fuse-connections.mount - FUSE Control File System...
Mar 12 19:59:32 localhost systemd[1]: Mounting sys-kernel-config.mount - Kernel Configuration File System...
Mar 12 19:59:32 localhost systemd[1]: Starting multipathd.service - Device-Mapper Multipath Device Controller...
Mar 12 19:59:32 localhost systemd[1]: systemd-hwdb-update.service - Rebuild Hardware Database was skipped because of an unmet condition check (ConditionNeedsUpdate=/etc).
Mar 12 19:59:32 localhost kernel: workqueue: drm_fb_helper_damage_work hogged CPU for >10000us 16 times, consider switching to WQ_UNBOUND
Mar 12 19:59:32 localhost kernel: Adding 3261436k swap on /swap.img.  Priority:-2 extents:7 across:5735424k 
Mar 12 19:59:32 localhost systemd[1]: Starting systemd-journal-flush.service - Flush Journal to Persistent Storage...
Mar 12 19:59:32 localhost systemd[1]: systemd-pstore.service - Platform Persistent Storage Archival was skipped because of an unmet condition check (ConditionDirectoryNotEmpty=/sys/fs/pstore).
Mar 12 19:59:32 localhost systemd[1]: Starting systemd-random-seed.service - Load/Save OS Random Seed...
Mar 12 19:59:32 localhost systemd[1]: systemd-repart.service - Repartition Root Disk was skipped because no trigger condition checks were met.
Mar 12 19:59:32 localhost systemd[1]: Starting systemd-tmpfiles-setup-dev-early.service - Create Static Device Nodes in /dev gracefully...
Mar 12 19:59:32 localhost systemd-journald[308]: Time spent on flushing to /var/log/journal/560b026a44d3424ea490d29e1a7e2775 is 1.260184s for 777 entries.
Mar 12 19:59:32 localhost systemd-journald[308]: System Journal (/var/log/journal/560b026a44d3424ea490d29e1a7e2775) is 33.7M, max 1.4G, 1.4G free.
Mar 12 19:59:32 localhost systemd[1]: systemd-tpm2-setup.service - TPM2 SRK Setup was skipped because of an unmet condition check (ConditionSecurity=measured-uki).
Mar 12 19:59:32 localhost systemd[1]: Activated swap swap.img.swap - /swap.img.
Mar 12 19:59:32 localhost systemd[1]: Finished lvm2-monitor.service - Monitoring of LVM2 mirrors, snapshots etc. using dmeventd or progress polling.
Mar 12 19:59:32 localhost systemd[1]: Finished systemd-udev-trigger.service - Coldplug All udev Devices.
Mar 12 19:59:32 localhost systemd[1]: Mounted sys-fs-fuse-connections.mount - FUSE Control File System.
Mar 12 19:59:32 localhost systemd[1]: Mounted sys-kernel-config.mount - Kernel Configuration File System.
Mar 12 19:59:32 localhost systemd[1]: Reached target swap.target - Swaps.
Mar 12 19:59:33 localhost systemd-modules-load[328]: Inserted module 'msr'
Mar 12 19:59:33 localhost systemd[1]: Finished systemd-modules-load.service - Load Kernel Modules.
Mar 12 19:59:33 localhost systemd[1]: Starting systemd-sysctl.service - Apply Kernel Variables...
Mar 12 19:59:33 localhost systemd[1]: Finished systemd-tmpfiles-setup-dev-early.service - Create Static Device Nodes in /dev gracefully.
Mar 12 19:59:33 localhost systemd[1]: systemd-sysusers.service - Create System Users was skipped because no trigger condition checks were met.
Mar 12 19:59:33 localhost systemd[1]: Starting systemd-tmpfiles-setup-dev.service - Create Static Device Nodes in /dev...
Mar 12 19:59:33 localhost systemd[1]: Finished systemd-tmpfiles-setup-dev.service - Create Static Device Nodes in /dev.
Mar 12 19:59:33 localhost systemd[1]: Starting systemd-udevd.service - Rule-based Manager for Device Events and Files...
Mar 12 19:59:33 localhost systemd-udevd[368]: Using default interface naming scheme 'v255'.
Mar 12 19:59:33 localhost systemd[1]: Finished systemd-sysctl.service - Apply Kernel Variables.
Mar 12 19:59:33 localhost systemd[1]: Started multipathd.service - Device-Mapper Multipath Device Controller.
Mar 12 19:59:33 localhost systemd[1]: Reached target local-fs-pre.target - Preparation for Local File Systems.
Mar 12 19:59:33 localhost systemd[1]: Started systemd-udevd.service - Rule-based Manager for Device Events and Files.
Mar 12 19:59:33 localhost systemd[1]: plymouth-start.service - Show Plymouth Boot Screen was skipped because of an unmet condition check (ConditionKernelCommandLine=splash).
Mar 12 19:59:33 localhost systemd[1]: Started systemd-ask-password-console.path - Dispatch Password Requests to Console Directory Watch.
Mar 12 19:59:33 localhost systemd[1]: systemd-ask-password-plymouth.path - Forward Password Requests to Plymouth Directory Watch was skipped because of an unmet condition check (ConditionPathExists=/run/plymouth/pid).
Mar 12 19:59:33 localhost systemd[1]: Reached target cryptsetup.target - Local Encrypted Volumes.
Mar 12 19:59:33 localhost (udev-worker)[395]: dm-0: Process '/usr/bin/unshare -m /usr/bin/snap auto-import --mount=/dev/dm-0' failed with exit code 1.
Mar 12 19:59:33 localhost (udev-worker)[382]: sda: Process '/usr/bin/unshare -m /usr/bin/snap auto-import --mount=/dev/sda' failed with exit code 1.
Mar 12 19:59:33 localhost systemd[1]: Starting modprobe@dm_mod.service - Load Kernel Module dm_mod...
Mar 12 19:59:33 localhost (udev-worker)[382]: sda1: Process '/usr/bin/unshare -m /usr/bin/snap auto-import --mount=/dev/sda1' failed with exit code 1.
Mar 12 19:59:33 localhost (udev-worker)[391]: sda2: Process '/usr/bin/unshare -m /usr/bin/snap auto-import --mount=/dev/sda2' failed with exit code 1.
Mar 12 19:59:33 localhost systemd[1]: Starting modprobe@efi_pstore.service - Load Kernel Module efi_pstore...
Mar 12 19:59:33 localhost lvm[451]: PV /dev/sda3 online, VG ubuntu-vg is complete.
Mar 12 19:59:33 localhost lvm[451]: VG ubuntu-vg finished
Mar 12 19:59:33 localhost systemd[1]: Starting modprobe@loop.service - Load Kernel Module loop...
#Mar 12 19:59:33 localhost (udev-worker)[389]: sda3: Process '/usr/bin/unshare -m /usr/bin/snap auto-import --mount=/dev/sda3' failed with exit code 1.
#Mar 12 19:59:33 localhost (udev-worker)[379]: sr0: Process '/usr/bin/unshare -m /usr/bin/snap auto-import --mount=/dev/sr0' failed with exit code 1.
#Mar 12 19:59:33 localhost systemd[1]: netplan-ovs-cleanup.service - OpenVSwitch configuration for cleanup was skipped because of an unmet condition check (ConditionFileIsExecutable=/usr/bin/ovs-vsctl).
#Mar 12 19:59:33 localhost systemd[1]: plymouth-start.service - Show Plymouth Boot Screen was skipped because of an unmet condition check (ConditionKernelCommandLine=splash).
#Mar 12 19:59:33 localhost systemd[1]: systemd-ask-password-plymouth.path - Forward Password Requests to Plymouth Directory Watch was skipped because of an unmet condition check (ConditionPathExists=/run/plymouth/pid).
#Mar 12 19:59:33 localhost systemd[1]: systemd-fsck-root.service - File System Check on Root Device was skipped because of an unmet condition check (ConditionPathExists=!/run/initramfs/fsck-root).
#Mar 12 19:59:33 localhost systemd[1]: systemd-hwdb-update.service - Rebuild Hardware Database was skipped because of an unmet condition check (ConditionNeedsUpdate=/etc).
#Mar 12 19:59:33 localhost systemd[1]: systemd-pcrmachine.service - TPM2 PCR Machine ID Measurement was skipped because of an unmet condition check (ConditionSecurity=measured-uki).
#Mar 12 19:59:33 localhost systemd[1]: systemd-sysusers.service - Create System Users was skipped because no trigger condition checks were met.
#Mar 12 19:59:33 localhost systemd[1]: systemd-tpm2-setup-early.service - TPM2 SRK Setup (Early) was skipped because of an unmet condition check (ConditionSecurity=measured-uki).
#Mar 12 19:59:33 localhost systemd[1]: systemd-tpm2-setup.service - TPM2 SRK Setup was skipped because of an unmet condition check (ConditionSecurity=measured-uki).
#Mar 12 19:59:33 localhost systemd[1]: modprobe@dm_mod.service: Deactivated successfully.
#Mar 12 19:59:33 localhost systemd[1]: Finished modprobe@dm_mod.service - Load Kernel Module dm_mod.
find / -name auth.log
#/var/log/auth.log
awk '{$1=$2=$4="";print $0}' /var/log/auth.log | sed 's/[\[][0-9]\+\]//g' | sort -k 1
#  CRON:  session closed for user root
#  CRON:  session closed for user root
#  CRON:  session closed for user root
#  CRON:  session closed for user root
#  CRON:  session closed for user root
#  CRON:  session closed for user root
#  CRON:  session closed for user root
#  CRON:  session closed for user root
#  CRON:  session closed for user root
#  CRON:  session closed for user root
#  CRON:  session closed for user root
#  CRON:  session closed for user root
#  CRON:  session closed for user root
#  CRON:  session closed for user root
#  CRON:  session closed for user root
#  CRON:  session closed for user root
#  CRON:  session closed for user root
#  CRON:  session closed for user root
#  CRON:  session closed for user root
#  CRON:  session closed for user root
#  CRON:  session closed for user root
#  CRON:  session closed for user root
#  CRON:  session closed for user root
#  CRON:  session closed for user root
#  CRON:  session closed for user root
#  CRON:  session closed for user root
#  CRON:  session closed for user root
#  CRON:  session closed for user root
#  CRON:  session closed for user root
#  CRON:  session closed for user root
#  CRON:  session closed for user root
#  CRON:  session closed for user root
#  CRON:  session closed for user root
#  CRON:  session closed for user root
#  CRON:  session closed for user root
#  CRON:  session closed for user root
#  CRON:  session closed for user root
#  CRON:  session closed for user root
#  CRON:  session closed for user root
#  CRON:  session closed for user root
#  CRON:  session closed for user root
#  CRON:  session closed for user root
#  CRON:  session closed for user root
#  CRON:  session closed for user root
#  CRON:  session closed for user root
#  CRON:  session closed for user root
#  CRON:  session closed for user root
#  CRON:  session closed for user root
#  CRON:  session closed for user root
#  CRON:  session closed for user root
#  CRON:  session opened for user root(uid=0) by root(uid=0)
#  CRON:  session opened for user root(uid=0) by root(uid=0)
#  CRON:  session opened for user root(uid=0) by root(uid=0)
#  CRON:  session opened for user root(uid=0) by root(uid=0)
#  CRON:  session opened for user root(uid=0) by root(uid=0)
#  CRON:  session opened for user root(uid=0) by root(uid=0)
#  CRON:  session opened for user root(uid=0) by root(uid=0)
#  CRON:  session opened for user root(uid=0) by root(uid=0)
#  CRON:  session opened for user root(uid=0) by root(uid=0)
#  CRON:  session opened for user root(uid=0) by root(uid=0)
#  CRON:  session opened for user root(uid=0) by root(uid=0)
#  CRON:  session opened for user root(uid=0) by root(uid=0)
#  CRON:  session opened for user root(uid=0) by root(uid=0)
#  CRON:  session opened for user root(uid=0) by root(uid=0)
#  CRON:  session opened for user root(uid=0) by root(uid=0)
#  CRON:  session opened for user root(uid=0) by root(uid=0)
#  CRON:  session opened for user root(uid=0) by root(uid=0)
#  CRON:  session opened for user root(uid=0) by root(uid=0)
#  CRON:  session opened for user root(uid=0) by root(uid=0)
#  CRON:  session opened for user root(uid=0) by root(uid=0)
#  CRON:  session opened for user root(uid=0) by root(uid=0)
#  CRON:  session opened for user root(uid=0) by root(uid=0)
#  CRON:  session opened for user root(uid=0) by root(uid=0)
#  CRON:  session opened for user root(uid=0) by root(uid=0)
#  CRON:  session opened for user root(uid=0) by root(uid=0)
#  CRON:  session opened for user root(uid=0) by root(uid=0)
#  CRON:  session opened for user root(uid=0) by root(uid=0)
#  CRON:  session opened for user root(uid=0) by root(uid=0)
#  CRON:  session opened for user root(uid=0) by root(uid=0)
#  CRON:  session opened for user root(uid=0) by root(uid=0)
#  CRON:  session opened for user root(uid=0) by root(uid=0)
#  CRON:  session opened for user root(uid=0) by root(uid=0)
#  CRON:  session opened for user root(uid=0) by root(uid=0)
#  CRON:  session opened for user root(uid=0) by root(uid=0)
#  CRON:  session opened for user root(uid=0) by root(uid=0)
#  CRON:  session opened for user root(uid=0) by root(uid=0)
#  CRON:  session opened for user root(uid=0) by root(uid=0)
#  CRON:  session opened for user root(uid=0) by root(uid=0)
#  CRON:  session opened for user root(uid=0) by root(uid=0)
#  CRON:  session opened for user root(uid=0) by root(uid=0)
#  CRON:  session opened for user root(uid=0) by root(uid=0)
#  CRON:  session opened for user root(uid=0) by root(uid=0)
#  CRON:  session opened for user root(uid=0) by root(uid=0)
#  CRON:  session opened for user root(uid=0) by root(uid=0)
#  CRON:  session opened for user root(uid=0) by root(uid=0)
#  CRON:  session opened for user root(uid=0) by root(uid=0)
#  CRON:  session opened for user root(uid=0) by root(uid=0)
#  CRON:  session opened for user root(uid=0) by root(uid=0)
#  CRON:  session opened for user root(uid=0) by root(uid=0)
#  CRON:  session opened for user root(uid=0) by root(uid=0)
#  sshd:  disconnect from 172.16.8.2 port 47250:11: disconnected by user
#  sshd:  from user root 172.16.8.2 port 47250
#  sshd:  publickey for root from 172.16.8.2 port 47250 ssh2: RSA SHA256:w8N1foS5Dd+QQp6Qevmi+M0ryH6uklwnlbJ84GiSMtg
#  sshd:  publickey for root from 172.16.8.2 port 57718 ssh2: RSA SHA256:w8N1foS5Dd+QQp6Qevmi+M0ryH6uklwnlbJ84GiSMtg
#  sshd:  session closed for user root
#  sshd:  session opened for user root(uid=0) by root(uid=0)
#  sshd:  session opened for user root(uid=0) by root(uid=0)
#  systemd-logind:  610 logged out. Waiting for processes to exit.
#  systemd-logind:  session 610.
#  systemd-logind:  session 610 of user root.
#  systemd-logind:  session 621 of user root.
#  (systemd):  session opened for user root(uid=0) by root(uid=0)
#  (systemd):  session opened for user root(uid=0) by root(uid=0)
awk '{$1=$2=$4="";print $0}' /var/log/auth.log | sed 's/[\[][0-9]\+\]//g' | sort -k 1 | awk '{print }' | uniq -c
#    104 CRON:
#      7 sshd:
#      4 systemd-logind:
#      2 (systemd):
awk -F: '$7 == "/usr/sbin/nologin" {print $3, $1}' /etc/passwd | sort -nr | while read uid user; do groups=$(grep ":x:$uid:" /etc/group | awk -F: '{print $1}' | tr '\n' ',' | sed 's/,$//') echo "$uid, $user, $groups" done
#65534, nobody, 
#1003, user3, users,user3,users_practice_2
#998, systemd-network, systemd-network
#997, systemd-timesync, systemd-timesync
#992, systemd-resolve, systemd-resolve
#991, polkitd, polkitd
#989, fwupd-refresh, fwupd-refresh
#109, sshd, 
#108, usbmux, 
#107, landscape, landscape
#105, tcpdump, tcpdump
#104, uuidd, uuidd
#103, syslog, adm,syslog
#101, messagebus, messagebus
#42, _apt, 
#39, irc, irc
#38, list, list
#34, backup, backup
#33, www-data, www-data
#13, proxy, proxy
#10, uucp, uucp
#9, news, news
#8, mail, mail
#7, lp, lp
#6, man, man
#5, games, games
#3, sys, sys,adm,systemd-journal,systemd-network,systemd-timesync,systemd-resolve,syslog
#2, bin, bin
#1, daemon, daemon
dmesg | grep -i ' kernel '
#[    0.000000] KERNEL supported cpus:
#[    0.041273] Booting paravirtualized kernel on KVM
#[    0.042183] Kernel command line: BOOT_IMAGE=/vmlinuz-6.8.0-55-generic root=/dev/mapper/ubuntu--vg-ubuntu--lv ro
#[    0.042218] Unknown kernel command line parameters "BOOT_IMAGE=/vmlinuz-6.8.0-55-generic", will be passed to user space.
#[    0.091373] Memory: 3933500K/4193760K available (22528K kernel code, 4443K rwdata, 14344K rodata, 4988K init, 4716K bss, 260000K reserved, 0K cma-reserved)
#[    0.517522] Loaded X.509 cert 'Build time autogenerated kernel key: e0bedf6fa049a1e09bd65ebab3904f14cdd5bc68'
#[    0.521024] Loaded X.509 cert 'Canonical Ltd. Kernel Module Signing: 88f752e560a1e0737e31163a466ad7b70a850c19'
#[    0.677808] Loaded X.509 cert 'Build time autogenerated kernel key: e0bedf6fa049a1e09bd65ebab3904f14cdd5bc68'
#[    0.700424] Freeing unused kernel image (initmem) memory: 4988K
#[    0.701069] Write protecting the kernel read-only data: 38912k
#[    0.702713] Freeing unused kernel image (rodata/data gap) memory: 2040K
#[    3.567557] systemd[1]: Listening on systemd-udevd-kernel.socket - udev Kernel Socket.
#[    3.577236] systemd[1]: Mounting sys-kernel-debug.mount - Kernel Debug File System...
#[    3.582300] systemd[1]: Mounting sys-kernel-tracing.mount - Kernel Trace File System...
#[    3.627009] systemd[1]: Starting modprobe@configfs.service - Load Kernel Module configfs...
#[    3.636034] systemd[1]: Starting modprobe@dm_mod.service - Load Kernel Module dm_mod...
#[    3.638450] systemd[1]: Starting modprobe@drm.service - Load Kernel Module drm...
#[    3.642614] systemd[1]: Starting modprobe@efi_pstore.service - Load Kernel Module efi_pstore...
#[    3.649459] systemd[1]: Starting modprobe@fuse.service - Load Kernel Module fuse...
#[    3.652839] systemd[1]: Starting modprobe@loop.service - Load Kernel Module loop...
#[    3.811842] systemd[1]: Starting systemd-modules-load.service - Load Kernel Modules...
#[    3.814556] systemd[1]: Starting systemd-remount-fs.service - Remount Root and Kernel File Systems...
grep -c $ /var/log/kern.log.1
#3693
awk '/^Commandline:/ {commandline=$0} /^Start-Date:/ {startdate=$0} /^End-Date:/ {enddate=$0; print commandline "; " startdate "; " enddate}' /var/log/apt/history.log
Commandline: apt-get install --reinstall apt; Start-Date: 2025-02-16  20:51:22; End-Date: 2025-02-16  20:51:24
Commandline: apt-get install --reinstall base-files; Start-Date: 2025-02-16  20:51:26; End-Date: 2025-02-16  20:51:28
Commandline: apt-get install --reinstall base-passwd; Start-Date: 2025-02-16  20:51:31; End-Date: 2025-02-16  20:51:32
Commandline: apt-get install --reinstall bash; Start-Date: 2025-02-16  20:51:35; End-Date: 2025-02-16  20:51:37
Commandline: apt-get install --reinstall bsdutils; Start-Date: 2025-02-16  20:51:39; End-Date: 2025-02-16  20:51:41
Commandline: apt-get install --reinstall coreutils; Start-Date: 2025-02-16  20:51:44; End-Date: 2025-02-16  20:51:45
Commandline: apt-get install --reinstall dash; Start-Date: 2025-02-16  20:51:48; End-Date: 2025-02-16  20:51:49
Commandline: apt-get install --reinstall debconf; Start-Date: 2025-02-16  20:51:52; End-Date: 2025-02-16  20:51:53
Commandline: apt-get install --reinstall debianutils; Start-Date: 2025-02-16  20:51:56; End-Date: 2025-02-16  20:51:58
Commandline: apt-get install --reinstall diffutils; Start-Date: 2025-02-16  20:52:00; End-Date: 2025-02-16  20:52:02
Commandline: apt-get install --reinstall dpkg; Start-Date: 2025-02-16  20:52:04; End-Date: 2025-02-16  20:52:06
Commandline: apt-get install --reinstall e2fsprogs; Start-Date: 2025-02-16  20:52:09; End-Date: 2025-02-16  20:52:10
Commandline: apt-get install --reinstall findutils; Start-Date: 2025-02-16  20:52:13; End-Date: 2025-02-16  20:52:14
Commandline: apt-get install --reinstall gcc-14-base:amd64; Start-Date: 2025-02-16  20:52:17; End-Date: 2025-02-16  20:52:18
Commandline: apt-get install --reinstall gpgv; Start-Date: 2025-02-16  20:52:21; End-Date: 2025-02-16  20:52:23
Commandline: apt-get install --reinstall grep; Start-Date: 2025-02-16  20:52:25; End-Date: 2025-02-16  20:52:27
Commandline: apt-get install --reinstall gzip; Start-Date: 2025-02-16  20:52:29; End-Date: 2025-02-16  20:52:31
Commandline: apt-get install --reinstall hostname; Start-Date: 2025-02-16  20:52:34; End-Date: 2025-02-16  20:52:35
Commandline: apt-get install --reinstall init-system-helpers; Start-Date: 2025-02-16  20:52:38; End-Date: 2025-02-16  20:52:39
Commandline: apt-get install --reinstall libacl1:amd64; Start-Date: 2025-02-16  20:52:42; End-Date: 2025-02-16  20:52:43
Commandline: apt-get install --reinstall libapt-pkg6.0t64:amd64; Start-Date: 2025-02-16  20:52:46; End-Date: 2025-02-16  20:52:47
Commandline: apt-get install --reinstall libassuan0:amd64; Start-Date: 2025-02-16  20:52:50; End-Date: 2025-02-16  20:52:51
Commandline: apt-get install --reinstall libattr1:amd64; Start-Date: 2025-02-16  20:52:54; End-Date: 2025-02-16  20:52:56
Commandline: apt-get install --reinstall libaudit-common; Start-Date: 2025-02-16  20:52:58; End-Date: 2025-02-16  20:53:00
Commandline: apt-get install --reinstall libaudit1:amd64; Start-Date: 2025-02-16  20:53:02; End-Date: 2025-02-16  20:53:04
Commandline: apt-get install --reinstall libblkid1:amd64; Start-Date: 2025-02-16  20:53:06; End-Date: 2025-02-16  20:53:08
Commandline: apt-get install --reinstall libbz2-1.0:amd64; Start-Date: 2025-02-16  20:53:11; End-Date: 2025-02-16  20:53:12
Commandline: apt-get install --reinstall libc-bin; Start-Date: 2025-02-16  20:53:15; End-Date: 2025-02-16  20:53:17
Commandline: apt-get install --reinstall libc6:amd64; Start-Date: 2025-02-16  20:53:19; End-Date: 2025-02-16  20:53:22
Commandline: apt-get install --reinstall libcap-ng0:amd64; Start-Date: 2025-02-16  20:53:25; End-Date: 2025-02-16  20:53:26
Commandline: apt-get install --reinstall libcap2:amd64; Start-Date: 2025-02-16  20:53:29; End-Date: 2025-02-16  20:53:30
Commandline: apt-get install --reinstall libcom-err2:amd64; Start-Date: 2025-02-16  20:53:33; End-Date: 2025-02-16  20:53:34
Commandline: apt-get install --reinstall libcrypt1:amd64; Start-Date: 2025-02-16  20:53:37; End-Date: 2025-02-16  20:53:38
Commandline: apt-get install --reinstall libdebconfclient0:amd64; Start-Date: 2025-02-16  20:53:41; End-Date: 2025-02-16  20:53:42
Commandline: apt-get install --reinstall libext2fs2t64:amd64; Start-Date: 2025-02-16  20:53:45; End-Date: 2025-02-16  20:53:46
Commandline: apt-get install --reinstall libffi8:amd64; Start-Date: 2025-02-16  20:53:49; End-Date: 2025-02-16  20:53:50
Commandline: apt-get install --reinstall libgcc-s1:amd64; Start-Date: 2025-02-16  20:53:53; End-Date: 2025-02-16  20:53:54
Commandline: apt-get install --reinstall libgcrypt20:amd64; Start-Date: 2025-02-16  20:53:57; End-Date: 2025-02-16  20:53:59
Commandline: apt-get install --reinstall libgmp10:amd64; Start-Date: 2025-02-16  20:54:01; End-Date: 2025-02-16  20:54:03
Commandline: apt-get install --reinstall libgnutls30t64:amd64; Start-Date: 2025-02-16  20:54:05; End-Date: 2025-02-16  20:54:07
Commandline: apt-get install --reinstall libgpg-error0:amd64; Start-Date: 2025-02-16  20:54:10; End-Date: 2025-02-16  20:54:11
Commandline: apt-get install --reinstall libhogweed6t64:amd64; Start-Date: 2025-02-16  20:54:14; End-Date: 2025-02-16  20:54:15
Commandline: apt-get install --reinstall libidn2-0:amd64; Start-Date: 2025-02-16  20:54:18; End-Date: 2025-02-16  20:54:19
Commandline: apt-get install --reinstall liblz4-1:amd64; Start-Date: 2025-02-16  20:54:22; End-Date: 2025-02-16  20:54:23
Commandline: apt-get install --reinstall liblzma5:amd64; Start-Date: 2025-02-16  20:54:26; End-Date: 2025-02-16  20:54:27
Commandline: apt-get install --reinstall libmd0:amd64; Start-Date: 2025-02-16  20:54:30; End-Date: 2025-02-16  20:54:32
Commandline: apt-get install --reinstall libmount1:amd64; Start-Date: 2025-02-16  20:54:34; End-Date: 2025-02-16  20:54:36
Commandline: apt-get install --reinstall libncursesw6:amd64; Start-Date: 2025-02-16  20:54:38; End-Date: 2025-02-16  20:54:39
Commandline: apt-get install --reinstall libnettle8t64:amd64; Start-Date: 2025-02-16  20:54:42; End-Date: 2025-02-16  20:54:43
Commandline: apt-get install --reinstall libnpth0t64:amd64; Start-Date: 2025-02-16  20:54:46; End-Date: 2025-02-16  20:54:48
Commandline: apt-get install --reinstall libp11-kit0:amd64; Start-Date: 2025-02-16  20:54:50; End-Date: 2025-02-16  20:54:52
Commandline: apt-get install --reinstall libpam-modules:amd64; Start-Date: 2025-02-16  20:54:54; End-Date: 2025-02-16  20:54:56
Commandline: apt-get install --reinstall libpam-modules-bin; Start-Date: 2025-02-16  20:54:58; End-Date: 2025-02-16  20:55:00
Commandline: apt-get install --reinstall libpam-runtime; Start-Date: 2025-02-16  20:55:03; End-Date: 2025-02-16  20:55:04
Commandline: apt-get install --reinstall libpam0g:amd64; Start-Date: 2025-02-16  20:55:07; End-Date: 2025-02-16  20:55:08
Commandline: apt-get install --reinstall libpcre2-8-0:amd64; Start-Date: 2025-02-16  20:55:11; End-Date: 2025-02-16  20:55:12
Commandline: apt-get install --reinstall libproc2-0:amd64; Start-Date: 2025-02-16  20:55:15; End-Date: 2025-02-16  20:55:16
Commandline: apt-get install --reinstall libseccomp2:amd64; Start-Date: 2025-02-16  20:55:19; End-Date: 2025-02-16  20:55:20
Commandline: apt-get install --reinstall libselinux1:amd64; Start-Date: 2025-02-16  20:55:23; End-Date: 2025-02-16  20:55:24
Commandline: apt-get install --reinstall libsemanage-common; Start-Date: 2025-02-16  20:55:27; End-Date: 2025-02-16  20:55:28
Commandline: apt-get install --reinstall libsemanage2:amd64; Start-Date: 2025-02-16  20:55:31; End-Date: 2025-02-16  20:55:32
Commandline: apt-get install --reinstall libsepol2:amd64; Start-Date: 2025-02-16  20:55:35; End-Date: 2025-02-16  20:55:36
Commandline: apt-get install --reinstall libsmartcols1:amd64; Start-Date: 2025-02-16  20:55:38; End-Date: 2025-02-16  20:55:40
Commandline: apt-get install --reinstall libss2:amd64; Start-Date: 2025-02-16  20:55:42; End-Date: 2025-02-16  20:55:44
Commandline: apt-get install --reinstall libssl3t64:amd64; Start-Date: 2025-02-16  20:55:46; End-Date: 2025-02-16  20:55:48
Commandline: apt-get install --reinstall libstdc++6:amd64; Start-Date: 2025-02-16  20:55:51; End-Date: 2025-02-16  20:55:52
Commandline: apt-get install --reinstall libsystemd0:amd64; Start-Date: 2025-02-16  20:55:55; End-Date: 2025-02-16  20:55:56
Commandline: apt-get install --reinstall libtasn1-6:amd64; Start-Date: 2025-02-16  20:55:59; End-Date: 2025-02-16  20:56:00
Commandline: apt-get install --reinstall libtinfo6:amd64; Start-Date: 2025-02-16  20:56:03; End-Date: 2025-02-16  20:56:04
Commandline: apt-get install --reinstall libudev1:amd64; Start-Date: 2025-02-16  20:56:07; End-Date: 2025-02-16  20:56:08
Commandline: apt-get install --reinstall libunistring5:amd64; Start-Date: 2025-02-16  20:56:11; End-Date: 2025-02-16  20:56:13
Commandline: apt-get install --reinstall libuuid1:amd64; Start-Date: 2025-02-16  20:56:15; End-Date: 2025-02-16  20:56:17
Commandline: apt-get install --reinstall libxxhash0:amd64; Start-Date: 2025-02-16  20:56:19; End-Date: 2025-02-16  20:56:21
Commandline: apt-get install --reinstall libzstd1:amd64; Start-Date: 2025-02-16  20:56:23; End-Date: 2025-02-16  20:56:25
Commandline: apt-get install --reinstall login; Start-Date: 2025-02-16  20:56:28; End-Date: 2025-02-16  20:56:29
Commandline: apt-get install --reinstall logsave; Start-Date: 2025-02-16  20:56:32; End-Date: 2025-02-16  20:56:33
Commandline: apt-get install --reinstall mawk; Start-Date: 2025-02-16  20:56:36; End-Date: 2025-02-16  20:56:37
Commandline: apt-get install --reinstall mount; Start-Date: 2025-02-16  20:56:39; End-Date: 2025-02-16  20:56:41
Commandline: apt-get install --reinstall ncurses-base; Start-Date: 2025-02-16  20:56:43; End-Date: 2025-02-16  20:56:45
Commandline: apt-get install --reinstall ncurses-bin; Start-Date: 2025-02-16  20:56:47; End-Date: 2025-02-16  20:56:49
Commandline: apt-get install --reinstall passwd; Start-Date: 2025-02-16  20:56:52; End-Date: 2025-02-16  20:56:53
Commandline: apt-get install --reinstall perl-base; Start-Date: 2025-02-16  20:56:55; End-Date: 2025-02-16  20:56:57
Commandline: apt-get install --reinstall procps; Start-Date: 2025-02-16  20:57:00; End-Date: 2025-02-16  20:57:01
Commandline: apt-get install --reinstall sed; Start-Date: 2025-02-16  20:57:04; End-Date: 2025-02-16  20:57:05
Commandline: apt-get install --reinstall sensible-utils; Start-Date: 2025-02-16  20:57:08; End-Date: 2025-02-16  20:57:09
Commandline: apt-get install --reinstall sysvinit-utils; Start-Date: 2025-02-16  20:57:12; End-Date: 2025-02-16  20:57:13
Commandline: apt-get install --reinstall tar; Start-Date: 2025-02-16  20:57:16; End-Date: 2025-02-16  20:57:17
Commandline: apt-get install --reinstall ubuntu-keyring; Start-Date: 2025-02-16  20:57:20; End-Date: 2025-02-16  20:57:21
Commandline: apt-get install --reinstall util-linux; Start-Date: 2025-02-16  20:57:24; End-Date: 2025-02-16  20:57:26
Commandline: apt-get install --reinstall zlib1g:amd64; Start-Date: 2025-02-16  20:57:28; End-Date: 2025-02-16  20:57:30
Commandline: apt-get --yes -oDebug::pkgDepCache::AutoInstall=yes --force-yes upgrade; Start-Date: 2025-02-16  20:57:34; End-Date: 2025-02-16  20:57:38
Commandline: apt-get --yes -oDebug::pkgDepCache::AutoInstall=yes --force-yes dist-upgrade; Start-Date: 2025-02-16  20:57:39; End-Date: 2025-02-16  20:57:39
Commandline: apt-get --yes -oDebug::pkgDepCache::AutoInstall=yes install adduser apparmor apport apport-core-dump-handler apt base-passwd bcache-tools btrfs-progs busybox-initramfs ca-certificates cloud-guest-utils cloud-init coreutils cpio cryptsetup cryptsetup-bin curl dbus dbus-bin dbus-daemon dbus-session-bus-common dbus-system-bus-common dbus-user-session debconf dhcpcd-base distro-info-data dmeventd dmsetup dpkg dracut-install e2fsprogs ethtool fdisk fuse3 gawk gcc-14-base gettext-base gir1.2-girepository-2.0 gir1.2-glib-2.0 gpgv init-system-helpers initramfs-tools initramfs-tools-bin initramfs-tools-core iproute2 klibc-utils kmod kpartx libacl1 libaio1t64 libapparmor1 libapt-pkg6.0t64 libargon2-1 libassuan0 libattr1 libaudit-common libaudit1 libblkid1 libbpf1 libbrotli1 libbsd0 libbz2-1.0 libc6 libcap-ng0 libcap2 libcap2-bin libcbor0.10 libcom-err2 libcrypt1 libcryptsetup12 libcurl4t64 libdb5.3t64 libdbus-1-3 libdebconfclient0 libdevmapper-event1.02.1 libdevmapper1.02.1 libdrm-common libdrm2 libedit2 libelf1t64 libexpat1 libext2fs2t64 libfdisk1 libffi8 libfido2-1 libfuse3-3 libgcc-s1 libgcrypt20 libgdbm-compat4t64 libgdbm6t64 libgirepository-1.0-1 libglib2.0-0t64 libgmp10 libgnutls30t64 libgpg-error0 libgssapi-krb5-2 libhogweed6t64 libicu74 libidn2-0 libinih1 libintl-perl libisns0t64 libjson-c5 libk5crypto3 libkeyutils1 libklibc libkmod2 libkrb5-3 libkrb5support0 libldap2 liblvm2cmd2.03 liblz4-1 liblzma5 liblzo2-2 libmd0 libmnl0 libmodule-find-perl libmodule-scandeps-perl libmount1 libmpfr6 libncursesw6 libnetplan1 libnettle8t64 libnghttp2-14 libnpth0t64 libopeniscsiusr libp11-kit0 libpam-modules libpam-modules-bin libpam-runtime libpam-systemd libpam0g libpci3 libpcre2-8-0 libperl5.38t64 libpopt0 libproc-processtable-perl libproc2-0 libpsl5t64 libpython3-stdlib libpython3.12-minimal libpython3.12-stdlib libreadline8t64 libreiserfscore0t64 librtmp1 libsasl2-2 libsasl2-modules-db libseccomp2 libselinux1 libsemanage-common libsemanage2 libsepol2 libsgutils2-1.46-2 libsigsegv2 libsmartcols1 libsort-naturally-perl libsqlite3-0 libss2 libssh-4 libssl3t64 libstdc++6 libsystemd-shared libsystemd0 libtasn1-6 libterm-readkey-perl libtinfo6 libtirpc-common libtirpc3t64 libudev1 libunistring5 liburcu8t64 libusb-1.0-0 libuuid1 libxtables12 libxxhash0 libyaml-0-2 libzstd1 linux-base logsave lsb-base lsb-release lvm2 mdadm media-types mount multipath-tools needrestart netbase netplan-generator netplan.io open-iscsi openssh-client openssl passwd pci.ids pciutils perl perl-base perl-modules-5.38 pollinate procps python-apt-common python3 python3-apport python3-apt python3-attr python3-blinker python3-certifi python3-cffi-backend python3-chardet python3-click python3-colorama python3-configobj python3-cryptography python3-dbus python3-debconf python3-distro python3-distro-info python3-distupgrade python3-gi python3-httplib2 python3-idna python3-jinja2 python3-json-pointer python3-jsonpatch python3-jsonschema python3-jwt python3-launchpadlib python3-lazr.restfulclient python3-lazr.uri python3-markupsafe python3-minimal python3-netplan python3-oauthlib python3-pkg-resources python3-problem-report python3-pyparsing python3-pyrsistent python3-requests python3-serial python3-six python3-update-manager python3-urllib3 python3-wadllib python3-xkit python3-yaml python3.12 python3.12-minimal readline-common sed sensible-utils sg3-utils sg3-utils-udev snapd squashfs-tools sudo systemd systemd-dev systemd-resolved systemd-sysv sysvinit-utils tar tzdata ubuntu-drivers-common ubuntu-keyring ubuntu-release-upgrader-core ubuntu-server-minimal ucf udev unattended-upgrades unminimize usbutils xfsprogs xxd xz-utils zlib1g lxd-installer; Start-Date: 2025-02-16  20:57:42; End-Date: 2025-02-16  20:58:20
